Jun 17 10:46:11 sarthak-swayam-VirtualBox kernel: Linux version 7.0.0-22-generic (buildd@lcy02-amd64-061) (x86_64-linux-gnu-gcc (Ubuntu 15.2.0-16ubuntu1) 15.2.0, GNU ld (GNU Binutils for Ubuntu) 2.46) #22-Ubuntu SMP PREEMPT_DYNAMIC Mon May 25 15:54:34 UTC 2026 (Ubuntu 7.0.0-22.22-generic 7.0.0)
Jun 17 10:46:11 sarthak-swayam-VirtualBox kernel: Command line: BOOT_IMAGE=/boot/vmlinuz-7.0.0-22-generic root=UUID=0ef9af76-2b9b-453e-a1cd-e0cbae1ae96d ro quiet splash crashkernel=2G-4G:320M,4G-32G:512M,32G-64G:1024M,64G-128G:2048M,128G-:4096M
Jun 17 10:46:11 sarthak-swayam-VirtualBox kernel: KERNEL supported cpus:
Jun 17 10:46:11 sarthak-swayam-VirtualBox kernel:   Intel GenuineIntel
Jun 17 10:46:11 sarthak-swayam-VirtualBox kernel:   AMD AuthenticAMD
Jun 17 10:46:11 sarthak-swayam-VirtualBox kernel:   Hygon HygonGenuine
Jun 17 10:46:11 sarthak-swayam-VirtualBox kernel:   Centaur CentaurHauls
Jun 17 10:46:11 sarthak-swayam-VirtualBox kernel:   zhaoxin   Shanghai  
Jun 17 10:46:11 sarthak-swayam-VirtualBox kernel: BIOS-provided physical RAM map:
Jun 17 10:46:11 sarthak-swayam-VirtualBox kernel: BIOS-e820: [mem 0x0000000000000000-0x000000000009fbff]  System RAM
Jun 17 10:46:11 sarthak-swayam-VirtualBox kernel: BIOS-e820: [mem 0x000000000009fc00-0x000000000009ffff]  device reserved
Jun 17 10:46:11 sarthak-swayam-VirtualBox kernel: BIOS-e820: [gap 0x00000000000a0000-0x00000000000effff]
Jun 17 10:46:11 sarthak-swayam-VirtualBox kernel: BIOS-e820: [mem 0x00000000000f0000-0x00000000000fffff]  device reserved
Jun 17 10:46:11 sarthak-swayam-VirtualBox kernel: BIOS-e820: [mem 0x0000000000100000-0x00000000dffeffff]  System RAM
Jun 17 10:46:11 sarthak-swayam-VirtualBox kernel: BIOS-e820: [mem 0x00000000dfff0000-0x00000000dfffffff]  ACPI data
Jun 17 10:46:11 sarthak-swayam-VirtualBox kernel: BIOS-e820: [gap 0x00000000e0000000-0x00000000febfffff]
Jun 17 10:46:11 sarthak-swayam-VirtualBox kernel: BIOS-e820: [mem 0x00000000fec00000-0x00000000fec00fff]  device reserved
Jun 17 10:46:11 sarthak-swayam-VirtualBox kernel: BIOS-e820: [gap 0x00000000fec01000-0x00000000fedfffff]
Jun 17 10:46:11 sarthak-swayam-VirtualBox kernel: BIOS-e820: [mem 0x00000000fee00000-0x00000000fee00fff]  device reserved
Jun 17 10:46:11 sarthak-swayam-VirtualBox kernel: BIOS-e820: [gap 0x00000000fee01000-0x00000000fffbffff]
Jun 17 10:46:11 sarthak-swayam-VirtualBox kernel: BIOS-e820: [mem 0x00000000fffc0000-0x00000000ffffffff]  device reserved
Jun 17 10:46:11 sarthak-swayam-VirtualBox kernel: BIOS-e820: [mem 0x0000000100000000-0x000000019fffffff]  System RAM
Jun 17 10:46:11 sarthak-swayam-VirtualBox kernel: NX (Execute Disable) protection: active
Jun 17 10:46:11 sarthak-swayam-VirtualBox kernel: APIC: Static calls initialized
Jun 17 10:46:11 sarthak-swayam-VirtualBox kernel: SMBIOS 2.5 present.
Jun 17 10:46:11 sarthak-swayam-VirtualBox kernel: DMI: innotek GmbH VirtualBox/VirtualBox, BIOS VirtualBox 12/01/2006
Jun 17 10:46:11 sarthak-swayam-VirtualBox kernel: DMI: Memory slots populated: 0/0
Jun 17 10:46:11 sarthak-swayam-VirtualBox kernel: Hypervisor detected: KVM
Jun 17 10:46:11 sarthak-swayam-VirtualBox kernel: last_pfn = 0xe0000 max_arch_pfn = 0x400000000
Jun 17 10:46:11 sarthak-swayam-VirtualBox kernel: kvm-clock: Using msrs 4b564d01 and 4b564d00
Jun 17 10:46:11 sarthak-swayam-VirtualBox kernel: kvm-clock: using sched offset of 1204657122720 cycles
Jun 17 10:46:11 sarthak-swayam-VirtualBox kernel: clocksource: kvm-clock: mask: 0xffffffffffffffff max_cycles: 0x1cd42e4dffb, max_idle_ns: 881590591483 ns
Jun 17 10:46:11 sarthak-swayam-VirtualBox kernel: tsc: Detected 3110.400 MHz processor
Jun 17 10:46:11 sarthak-swayam-VirtualBox kernel: e820: update [mem 0x00000000-0x00000fff] System RAM ==> device reserved
Jun 17 10:46:11 sarthak-swayam-VirtualBox kernel: e820: remove [mem 0x000a0000-0x000fffff] System RAM
Jun 17 10:46:11 sarthak-swayam-VirtualBox kernel: last_pfn = 0x1a0000 max_arch_pfn = 0x400000000
Jun 17 10:46:11 sarthak-swayam-VirtualBox kernel: MTRR map: 3 entries (3 fixed + 0 variable; max 19), built from 8 variable MTRRs
Jun 17 10:46:11 sarthak-swayam-VirtualBox kernel: x86/PAT: Configuration [0-7]: WB  WC  UC- UC  WB  WP  UC- WT  
Jun 17 10:46:11 sarthak-swayam-VirtualBox kernel: CPU MTRRs all blank - virtualized system.
Jun 17 10:46:11 sarthak-swayam-VirtualBox kernel: last_pfn = 0xe0000 max_arch_pfn = 0x400000000
Jun 17 10:46:11 sarthak-swayam-VirtualBox kernel: found SMP MP-table at [mem 0x0009fbf0-0x0009fbff]
Jun 17 10:46:11 sarthak-swayam-VirtualBox kernel: RAMDISK: [mem 0x332c9000-0x3595bfff]
Jun 17 10:46:11 sarthak-swayam-VirtualBox kernel: ACPI: Early table checksum verification disabled
Jun 17 10:46:11 sarthak-swayam-VirtualBox kernel: ACPI: RSDP 0x00000000000E0000 000024 (v02 VBOX  )
Jun 17 10:46:11 sarthak-swayam-VirtualBox kernel: ACPI: XSDT 0x00000000DFFF0030 00003C (v01 VBOX   VBOXXSDT 00000001 ASL  00000061)
Jun 17 10:46:11 sarthak-swayam-VirtualBox kernel: ACPI: FACP 0x00000000DFFF00F0 0000F4 (v04 VBOX   VBOXFACP 00000001 ASL  00000061)
Jun 17 10:46:11 sarthak-swayam-VirtualBox kernel: ACPI: DSDT 0x00000000DFFF0310 002353 (v02 VBOX   VBOXBIOS 00000002 VBOX 0002A6A2)
Jun 17 10:46:11 sarthak-swayam-VirtualBox kernel: ACPI: FACS 0x00000000DFFF0200 000040
Jun 17 10:46:11 sarthak-swayam-VirtualBox kernel: ACPI: FACS 0x00000000DFFF0200 000040
Jun 17 10:46:11 sarthak-swayam-VirtualBox kernel: ACPI: APIC 0x00000000DFFF0240 00006C (v02 VBOX   VBOXAPIC 00000001 ASL  00000061)
Jun 17 10:46:11 sarthak-swayam-VirtualBox kernel: ACPI: SSDT 0x00000000DFFF02B0 00005F (v01 VBOX   VBOXCPUT 00000002 VBOX 0002A6A2)
Jun 17 10:46:11 sarthak-swayam-VirtualBox kernel: ACPI: Reserving FACP table memory at [mem 0xdfff00f0-0xdfff01e3]
Jun 17 10:46:11 sarthak-swayam-VirtualBox kernel: ACPI: Reserving DSDT table memory at [mem 0xdfff0310-0xdfff2662]
Jun 17 10:46:11 sarthak-swayam-VirtualBox kernel: ACPI: Reserving FACS table memory at [mem 0xdfff0200-0xdfff023f]
Jun 17 10:46:11 sarthak-swayam-VirtualBox kernel: ACPI: Reserving FACS table memory at [mem 0xdfff0200-0xdfff023f]
Jun 17 10:46:11 sarthak-swayam-VirtualBox kernel: ACPI: Reserving APIC table memory at [mem 0xdfff0240-0xdfff02ab]
Jun 17 10:46:11 sarthak-swayam-VirtualBox kernel: ACPI: Reserving SSDT table memory at [mem 0xdfff02b0-0xdfff030e]
Jun 17 10:46:11 sarthak-swayam-VirtualBox kernel: No NUMA configuration found
Jun 17 10:46:11 sarthak-swayam-VirtualBox kernel: Faking a node at [mem 0x0000000000000000-0x000000019fffffff]
Jun 17 10:46:11 sarthak-swayam-VirtualBox kernel: NODE_DATA(0) allocated [mem 0x19ffd1280-0x19fffbfff]
Jun 17 10:46:11 sarthak-swayam-VirtualBox kernel: crashkernel reserved: 0x00000000bf000000 - 0x00000000df000000 (512 MB)
Jun 17 10:46:11 sarthak-swayam-VirtualBox kernel: ACPI: PM-Timer IO Port: 0x4008
Jun 17 10:46:11 sarthak-swayam-VirtualBox kernel: IOAPIC[0]: apic_id 4, version 32, address 0xfec00000, GSI 0-23
Jun 17 10:46:11 sarthak-swayam-VirtualBox kernel: ACPI: INT_SRC_OVR (bus 0 bus_irq 0 global_irq 2 dfl dfl)
Jun 17 10:46:11 sarthak-swayam-VirtualBox kernel: ACPI: INT_SRC_OVR (bus 0 bus_irq 9 global_irq 9 low level)
Jun 17 10:46:11 sarthak-swayam-VirtualBox kernel: ACPI: Using ACPI (MADT) for SMP configuration information
Jun 17 10:46:11 sarthak-swayam-VirtualBox kernel: CPU topo: Max. logical packages:   1
Jun 17 10:46:11 sarthak-swayam-VirtualBox kernel: CPU topo: Max. logical nodes:      1
Jun 17 10:46:11 sarthak-swayam-VirtualBox kernel: CPU topo: Num. nodes per package:  1
Jun 17 10:46:11 sarthak-swayam-VirtualBox kernel: CPU topo: Max. logical dies:       1
Jun 17 10:46:11 sarthak-swayam-VirtualBox kernel: CPU topo: Max. dies per package:   1
Jun 17 10:46:11 sarthak-swayam-VirtualBox kernel: CPU topo: Max. threads per core:   1
Jun 17 10:46:11 sarthak-swayam-VirtualBox kernel: CPU topo: Num. cores per package:     4
Jun 17 10:46:11 sarthak-swayam-VirtualBox kernel: CPU topo: Num. threads per package:   4
Jun 17 10:46:11 sarthak-swayam-VirtualBox kernel: CPU topo: Allowing 4 present CPUs plus 0 hotplug CPUs
Jun 17 10:46:11 sarthak-swayam-VirtualBox kernel: PM: hibernation: Registered nosave memory: [mem 0x00000000-0x00000fff]
Jun 17 10:46:11 sarthak-swayam-VirtualBox kernel: PM: hibernation: Registered nosave memory: [mem 0x0009f000-0x000fffff]
Jun 17 10:46:11 sarthak-swayam-VirtualBox kernel: PM: hibernation: Registered nosave memory: [mem 0xdfff0000-0xffffffff]
Jun 17 10:46:11 sarthak-swayam-VirtualBox kernel: [gap 0xe0000000-0xfebfffff] available for PCI devices
Jun 17 10:46:11 sarthak-swayam-VirtualBox kernel: Booting paravirtualized kernel on KVM
Jun 17 10:46:11 sarthak-swayam-VirtualBox kernel: clocksource: refined-jiffies: mask: 0xffffffff max_cycles: 0xffffffff, max_idle_ns: 1910969940391419 ns
Jun 17 10:46:11 sarthak-swayam-VirtualBox kernel: Zone ranges:
Jun 17 10:46:11 sarthak-swayam-VirtualBox kernel:   DMA      [mem 0x0000000000001000-0x0000000000ffffff]
Jun 17 10:46:11 sarthak-swayam-VirtualBox kernel:   DMA32    [mem 0x0000000001000000-0x00000000ffffffff]
Jun 17 10:46:11 sarthak-swayam-VirtualBox kernel:   Normal   [mem 0x0000000100000000-0x000000019fffffff]
Jun 17 10:46:11 sarthak-swayam-VirtualBox kernel:   Device   empty
Jun 17 10:46:11 sarthak-swayam-VirtualBox kernel: Movable zone start for each node
Jun 17 10:46:11 sarthak-swayam-VirtualBox kernel: Early memory node ranges
Jun 17 10:46:11 sarthak-swayam-VirtualBox kernel:   node   0: [mem 0x0000000000001000-0x000000000009efff]
Jun 17 10:46:11 sarthak-swayam-VirtualBox kernel:   node   0: [mem 0x0000000000100000-0x00000000dffeffff]
Jun 17 10:46:11 sarthak-swayam-VirtualBox kernel:   node   0: [mem 0x0000000100000000-0x000000019fffffff]
Jun 17 10:46:11 sarthak-swayam-VirtualBox kernel: Initmem setup node 0 [mem 0x0000000000001000-0x000000019fffffff]
Jun 17 10:46:11 sarthak-swayam-VirtualBox kernel: On node 0, zone DMA: 1 pages in unavailable ranges
Jun 17 10:46:11 sarthak-swayam-VirtualBox kernel: On node 0, zone DMA: 97 pages in unavailable ranges
Jun 17 10:46:11 sarthak-swayam-VirtualBox kernel: On node 0, zone Normal: 16 pages in unavailable ranges
Jun 17 10:46:11 sarthak-swayam-VirtualBox kernel: setup_percpu: NR_CPUS:8192 nr_cpumask_bits:4 nr_cpu_ids:4 nr_node_ids:1
Jun 17 10:46:11 sarthak-swayam-VirtualBox kernel: percpu: Embedded 85 pages/cpu s225280 r8192 d114688 u524288
Jun 17 10:46:11 sarthak-swayam-VirtualBox kernel: pcpu-alloc: s225280 r8192 d114688 u524288 alloc=1*2097152
Jun 17 10:46:11 sarthak-swayam-VirtualBox kernel: pcpu-alloc: [0] 0 1 2 3 
Jun 17 10:46:11 sarthak-swayam-VirtualBox kernel: kvm-guest: PV spinlocks enabled
Jun 17 10:46:11 sarthak-swayam-VirtualBox kernel: PV qspinlock hash table entries: 256 (order: 0, 4096 bytes, linear)
Jun 17 10:46:11 sarthak-swayam-VirtualBox kernel: Kernel command line: BOOT_IMAGE=/boot/vmlinuz-7.0.0-22-generic root=UUID=0ef9af76-2b9b-453e-a1cd-e0cbae1ae96d ro quiet splash crashkernel=2G-4G:320M,4G-32G:512M,32G-64G:1024M,64G-128G:2048M,128G-:4096M
Jun 17 10:46:11 sarthak-swayam-VirtualBox kernel: Unknown kernel command line parameters "splash", will be passed to user space.
Jun 17 10:46:11 sarthak-swayam-VirtualBox kernel: random: crng init done
Jun 17 10:46:11 sarthak-swayam-VirtualBox kernel: printk: log buffer data + meta data: 262144 + 1114112 = 1376256 bytes
Jun 17 10:46:11 sarthak-swayam-VirtualBox kernel: Dentry cache hash table entries: 1048576 (order: 11, 8388608 bytes, linear)
Jun 17 10:46:11 sarthak-swayam-VirtualBox kernel: Inode-cache hash table entries: 524288 (order: 10, 4194304 bytes, linear)
Jun 17 10:46:11 sarthak-swayam-VirtualBox kernel: software IO TLB: area num 4.
Jun 17 10:46:11 sarthak-swayam-VirtualBox kernel: Fallback order for Node 0: 0 
Jun 17 10:46:11 sarthak-swayam-VirtualBox kernel: Built 1 zonelists, mobility grouping on.  Total pages: 1572750
Jun 17 10:46:11 sarthak-swayam-VirtualBox kernel: Policy zone: Normal
Jun 17 10:46:11 sarthak-swayam-VirtualBox kernel: mem auto-init: stack:all(zero), heap alloc:on, heap free:off
Jun 17 10:46:11 sarthak-swayam-VirtualBox kernel: SLUB: HWalign=64, Order=0-3, MinObjects=0, CPUs=4, Nodes=1
Jun 17 10:46:11 sarthak-swayam-VirtualBox kernel: ftrace: allocating 63887 entries in 252 pages
Jun 17 10:46:11 sarthak-swayam-VirtualBox kernel: ftrace: allocated 252 pages with 6 groups
Jun 17 10:46:11 sarthak-swayam-VirtualBox kernel: Dynamic Preempt: lazy
Jun 17 10:46:11 sarthak-swayam-VirtualBox kernel: rcu: Preemptible hierarchical RCU implementation.
Jun 17 10:46:11 sarthak-swayam-VirtualBox kernel: rcu:         RCU restricting CPUs from NR_CPUS=8192 to nr_cpu_ids=4.
Jun 17 10:46:11 sarthak-swayam-VirtualBox kernel:         Trampoline variant of Tasks RCU enabled.
Jun 17 10:46:11 sarthak-swayam-VirtualBox kernel:         Rude variant of Tasks RCU enabled.
Jun 17 10:46:11 sarthak-swayam-VirtualBox kernel:         Tracing variant of Tasks RCU enabled.
Jun 17 10:46:11 sarthak-swayam-VirtualBox kernel: rcu: RCU calculated value of scheduler-enlistment delay is 100 jiffies.
Jun 17 10:46:11 sarthak-swayam-VirtualBox kernel: rcu: Adjusting geometry for rcu_fanout_leaf=16, nr_cpu_ids=4
Jun 17 10:46:11 sarthak-swayam-VirtualBox kernel: RCU Tasks: Setting shift to 2 and lim to 1 rcu_task_cb_adjust=1 rcu_task_cpu_ids=4.
Jun 17 10:46:11 sarthak-swayam-VirtualBox kernel: RCU Tasks Rude: Setting shift to 2 and lim to 1 rcu_task_cb_adjust=1 rcu_task_cpu_ids=4.
Jun 17 10:46:11 sarthak-swayam-VirtualBox kernel: NR_IRQS: 524544, nr_irqs: 456, preallocated irqs: 16
Jun 17 10:46:11 sarthak-swayam-VirtualBox kernel: rcu: srcu_init: Setting srcu_struct sizes based on contention.
Jun 17 10:46:11 sarthak-swayam-VirtualBox kernel: Console: colour VGA+ 80x25
Jun 17 10:46:11 sarthak-swayam-VirtualBox kernel: printk: legacy console [tty0] enabled
Jun 17 10:46:11 sarthak-swayam-VirtualBox kernel: ACPI: Core revision 20251212
Jun 17 10:46:11 sarthak-swayam-VirtualBox kernel: APIC: Switch to symmetric I/O mode setup
Jun 17 10:46:11 sarthak-swayam-VirtualBox kernel: ..TIMER: vector=0x30 apic1=0 pin1=2 apic2=-1 pin2=-1
Jun 17 10:46:11 sarthak-swayam-VirtualBox kernel: clocksource: tsc-early: mask: 0xffffffffffffffff max_cycles: 0x2cd5a8bb032, max_idle_ns: 440795365915 ns
Jun 17 10:46:11 sarthak-swayam-VirtualBox kernel: Calibrating delay loop (skipped) preset value.. 6220.80 BogoMIPS (lpj=3110400)
Jun 17 10:46:11 sarthak-swayam-VirtualBox kernel: Last level iTLB entries: 4KB 0, 2MB 0, 4MB 0
Jun 17 10:46:11 sarthak-swayam-VirtualBox kernel: Last level dTLB entries: 4KB 0, 2MB 0, 4MB 0, 1GB 0
Jun 17 10:46:11 sarthak-swayam-VirtualBox kernel: mitigations: Enabled attack vectors: user_kernel, user_user, guest_host, guest_guest, SMT mitigations: auto
Jun 17 10:46:11 sarthak-swayam-VirtualBox kernel: Speculative Store Bypass: Vulnerable
Jun 17 10:46:11 sarthak-swayam-VirtualBox kernel: Spectre V2 : Mitigation: Enhanced / Automatic IBRS
Jun 17 10:46:11 sarthak-swayam-VirtualBox kernel: RETBleed: Mitigation: Enhanced IBRS
Jun 17 10:46:11 sarthak-swayam-VirtualBox kernel: ITS: Mitigation: Aligned branch/return thunks
Jun 17 10:46:11 sarthak-swayam-VirtualBox kernel: Register File Data Sampling: Mitigation: Clear Register File
Jun 17 10:46:11 sarthak-swayam-VirtualBox kernel: Spectre V1 : Mitigation: usercopy/swapgs barriers and __user pointer sanitization
Jun 17 10:46:11 sarthak-swayam-VirtualBox kernel: Spectre V2 : Spectre v2 / PBRSB-eIBRS: Retire a single CALL on VMEXIT
Jun 17 10:46:11 sarthak-swayam-VirtualBox kernel: active return thunk: its_return_thunk
Jun 17 10:46:11 sarthak-swayam-VirtualBox kernel: Spectre V2 : Spectre BHI mitigation: SW BHB clearing on syscall and VM exit
Jun 17 10:46:11 sarthak-swayam-VirtualBox kernel: x86/fpu: x87 FPU will use FXSAVE
Jun 17 10:46:11 sarthak-swayam-VirtualBox kernel: Freeing SMP alternatives memory: 56K
Jun 17 10:46:11 sarthak-swayam-VirtualBox kernel: pid_max: default: 32768 minimum: 301
Jun 17 10:46:11 sarthak-swayam-VirtualBox kernel: landlock: Up and running.
Jun 17 10:46:11 sarthak-swayam-VirtualBox kernel: Yama: becoming mindful.
Jun 17 10:46:11 sarthak-swayam-VirtualBox kernel: AppArmor: AppArmor initialized
Jun 17 10:46:11 sarthak-swayam-VirtualBox kernel: AppArmor: AppArmor secmark mediation reserved: ready to be enabled
Jun 17 10:46:11 sarthak-swayam-VirtualBox kernel: Mount-cache hash table entries: 16384 (order: 5, 131072 bytes, linear)
Jun 17 10:46:11 sarthak-swayam-VirtualBox kernel: Mountpoint-cache hash table entries: 16384 (order: 5, 131072 bytes, linear)
Jun 17 10:46:11 sarthak-swayam-VirtualBox kernel: VFS: Finished mounting rootfs on nullfs
Jun 17 10:46:11 sarthak-swayam-VirtualBox kernel: APIC calibration not consistent with PM-Timer: 98ms instead of 100ms
Jun 17 10:46:11 sarthak-swayam-VirtualBox kernel: APIC delta adjusted to PM-Timer: 6249806 (6127413)
Jun 17 10:46:11 sarthak-swayam-VirtualBox kernel: smpboot: CPU0: 12th Gen Intel(R) Core(TM) i5-12500H (family: 0x6, model: 0x9a, stepping: 0x3)
Jun 17 10:46:11 sarthak-swayam-VirtualBox kernel: Performance Events: unsupported CPU family 6 model 154 no PMU driver, software events only.
Jun 17 10:46:11 sarthak-swayam-VirtualBox kernel: signal: max sigframe size: 1440
Jun 17 10:46:11 sarthak-swayam-VirtualBox kernel: rcu: Hierarchical SRCU implementation.
Jun 17 10:46:11 sarthak-swayam-VirtualBox kernel: rcu:         Max phase no-delay instances is 400.
Jun 17 10:46:11 sarthak-swayam-VirtualBox kernel: Timer migration: 1 hierarchy levels; 8 children per group; 1 crossnode level
Jun 17 10:46:11 sarthak-swayam-VirtualBox kernel: NMI watchdog: Perf NMI watchdog permanently disabled
Jun 17 10:46:11 sarthak-swayam-VirtualBox kernel: smp: Bringing up secondary CPUs ...
Jun 17 10:46:11 sarthak-swayam-VirtualBox kernel: smpboot: x86: Booting SMP configuration:
Jun 17 10:46:11 sarthak-swayam-VirtualBox kernel: .... node  #0, CPUs:      #1 #2 #3
Jun 17 10:46:11 sarthak-swayam-VirtualBox kernel: smp: Brought up 1 node, 4 CPUs
Jun 17 10:46:11 sarthak-swayam-VirtualBox kernel: smpboot: Total of 4 processors activated (24883.20 BogoMIPS)
Jun 17 10:46:11 sarthak-swayam-VirtualBox kernel: Memory: 3471260K/6291000K available (23771K kernel code, 4949K rwdata, 16748K rodata, 5292K init, 5860K bss, 2807344K reserved, 0K cma-reserved)
Jun 17 10:46:11 sarthak-swayam-VirtualBox kernel: devtmpfs: initialized
Jun 17 10:46:11 sarthak-swayam-VirtualBox kernel: x86/mm: Memory block size: 128MB
Jun 17 10:46:11 sarthak-swayam-VirtualBox kernel: clocksource: jiffies: mask: 0xffffffff max_cycles: 0xffffffff, max_idle_ns: 1911260446275000 ns
Jun 17 10:46:11 sarthak-swayam-VirtualBox kernel: posixtimers hash table entries: 2048 (order: 3, 32768 bytes, linear)
Jun 17 10:46:11 sarthak-swayam-VirtualBox kernel: futex hash table entries: 1024 (65536 bytes on 1 NUMA nodes, total 64 KiB, linear).
Jun 17 10:46:11 sarthak-swayam-VirtualBox kernel: PM: RTC time: 05:16:09, date: 2026-06-17
Jun 17 10:46:11 sarthak-swayam-VirtualBox kernel: NET: Registered PF_NETLINK/PF_ROUTE protocol family
Jun 17 10:46:11 sarthak-swayam-VirtualBox kernel: DMA: preallocated 512 KiB GFP_KERNEL pool for atomic allocations
Jun 17 10:46:11 sarthak-swayam-VirtualBox kernel: DMA: preallocated 512 KiB GFP_KERNEL|GFP_DMA pool for atomic allocations
Jun 17 10:46:11 sarthak-swayam-VirtualBox kernel: DMA: preallocated 512 KiB GFP_KERNEL|GFP_DMA32 pool for atomic allocations
Jun 17 10:46:11 sarthak-swayam-VirtualBox kernel: audit: initializing netlink subsys (disabled)
Jun 17 10:46:11 sarthak-swayam-VirtualBox kernel: audit: type=2000 audit(1781674575.250:1): state=initialized audit_enabled=0 res=1
Jun 17 10:46:11 sarthak-swayam-VirtualBox kernel: thermal_sys: Registered thermal governor 'fair_share'
Jun 17 10:46:11 sarthak-swayam-VirtualBox kernel: thermal_sys: Registered thermal governor 'bang_bang'
Jun 17 10:46:11 sarthak-swayam-VirtualBox kernel: thermal_sys: Registered thermal governor 'step_wise'
Jun 17 10:46:11 sarthak-swayam-VirtualBox kernel: thermal_sys: Registered thermal governor 'user_space'
Jun 17 10:46:11 sarthak-swayam-VirtualBox kernel: thermal_sys: Registered thermal governor 'power_allocator'
Jun 17 10:46:11 sarthak-swayam-VirtualBox kernel: cpuidle: using governor ladder
Jun 17 10:46:11 sarthak-swayam-VirtualBox kernel: cpuidle: using governor menu
Jun 17 10:46:11 sarthak-swayam-VirtualBox kernel: acpiphp: ACPI Hot Plug PCI Controller Driver version: 0.5
Jun 17 10:46:11 sarthak-swayam-VirtualBox kernel: PCI: Using configuration type 1 for base access
Jun 17 10:46:11 sarthak-swayam-VirtualBox kernel: kprobes: kprobe jump-optimization is enabled. All kprobes are optimized if possible.
Jun 17 10:46:11 sarthak-swayam-VirtualBox kernel: HugeTLB: registered 2.00 MiB page size, pre-allocated 0 pages
Jun 17 10:46:11 sarthak-swayam-VirtualBox kernel: HugeTLB: 28 KiB vmemmap can be freed for a 2.00 MiB page
Jun 17 10:46:11 sarthak-swayam-VirtualBox kernel: ACPI: Added _OSI(Module Device)
Jun 17 10:46:11 sarthak-swayam-VirtualBox kernel: ACPI: Added _OSI(Processor Device)
Jun 17 10:46:11 sarthak-swayam-VirtualBox kernel: ACPI: Added _OSI(Processor Aggregator Device)
Jun 17 10:46:11 sarthak-swayam-VirtualBox kernel: ACPI: 2 ACPI AML tables successfully acquired and loaded
Jun 17 10:46:11 sarthak-swayam-VirtualBox kernel: ACPI: \_SB_: platform _OSC: OS support mask [006e7eff]
Jun 17 10:46:11 sarthak-swayam-VirtualBox kernel: ACPI: Interpreter enabled
Jun 17 10:46:11 sarthak-swayam-VirtualBox kernel: ACPI: PM: (supports S0 S5)
Jun 17 10:46:11 sarthak-swayam-VirtualBox kernel: ACPI: Using IOAPIC for interrupt routing
Jun 17 10:46:11 sarthak-swayam-VirtualBox kernel: PCI: Using host bridge windows from ACPI; if necessary, use "pci=nocrs" and report a bug
Jun 17 10:46:11 sarthak-swayam-VirtualBox kernel: PCI: Using E820 reservations for host bridge windows
Jun 17 10:46:11 sarthak-swayam-VirtualBox kernel: ACPI: Enabled 2 GPEs in block 00 to 07
Jun 17 10:46:11 sarthak-swayam-VirtualBox kernel: ACPI: PCI Root Bridge [PCI0] (domain 0000 [bus 00-ff])
Jun 17 10:46:11 sarthak-swayam-VirtualBox kernel: acpi PNP0A03:00: _OSC: OS supports [ASPM ClockPM Segments MSI EDR HPX-Type3]
Jun 17 10:46:11 sarthak-swayam-VirtualBox kernel: acpi PNP0A03:00: _OSC: not requesting OS control; OS requires [ExtendedConfig ASPM ClockPM MSI]
Jun 17 10:46:11 sarthak-swayam-VirtualBox kernel: acpi PNP0A03:00: fail to add MMCONFIG information, can't access extended configuration space under this bridge
Jun 17 10:46:11 sarthak-swayam-VirtualBox kernel: PCI host bridge to bus 0000:00
Jun 17 10:46:11 sarthak-swayam-VirtualBox kernel: pci_bus 0000:00: root bus resource [io  0x0000-0x0cf7 window]
Jun 17 10:46:11 sarthak-swayam-VirtualBox kernel: pci_bus 0000:00: root bus resource [io  0x0d00-0xffff window]
Jun 17 10:46:11 sarthak-swayam-VirtualBox kernel: pci_bus 0000:00: root bus resource [mem 0x000a0000-0x000bffff window]
Jun 17 10:46:11 sarthak-swayam-VirtualBox kernel: pci_bus 0000:00: root bus resource [mem 0xe0000000-0xfdffffff window]
Jun 17 10:46:11 sarthak-swayam-VirtualBox kernel: pci_bus 0000:00: root bus resource [bus 00-ff]
Jun 17 10:46:11 sarthak-swayam-VirtualBox kernel: pci 0000:00:00.0: [8086:1237] type 00 class 0x060000 conventional PCI endpoint
Jun 17 10:46:11 sarthak-swayam-VirtualBox kernel: pci 0000:00:01.0: [8086:7000] type 00 class 0x060100 conventional PCI endpoint
Jun 17 10:46:11 sarthak-swayam-VirtualBox kernel: pci 0000:00:01.1: [8086:7111] type 00 class 0x01018a conventional PCI endpoint
Jun 17 10:46:11 sarthak-swayam-VirtualBox kernel: pci 0000:00:01.1: BAR 4 [io  0xd000-0xd00f]
Jun 17 10:46:11 sarthak-swayam-VirtualBox kernel: pci 0000:00:01.1: BAR 0 [io  0x01f0-0x01f7]: legacy IDE quirk
Jun 17 10:46:11 sarthak-swayam-VirtualBox kernel: pci 0000:00:01.1: BAR 1 [io  0x03f6]: legacy IDE quirk
Jun 17 10:46:11 sarthak-swayam-VirtualBox kernel: pci 0000:00:01.1: BAR 2 [io  0x0170-0x0177]: legacy IDE quirk
Jun 17 10:46:11 sarthak-swayam-VirtualBox kernel: pci 0000:00:01.1: BAR 3 [io  0x0376]: legacy IDE quirk
Jun 17 10:46:11 sarthak-swayam-VirtualBox kernel: pci 0000:00:02.0: [15ad:0405] type 00 class 0x030000 conventional PCI endpoint
Jun 17 10:46:11 sarthak-swayam-VirtualBox kernel: pci 0000:00:02.0: BAR 0 [io  0xd010-0xd01f]
Jun 17 10:46:11 sarthak-swayam-VirtualBox kernel: pci 0000:00:02.0: BAR 1 [mem 0xe0000000-0xe0ffffff pref]
Jun 17 10:46:11 sarthak-swayam-VirtualBox kernel: pci 0000:00:02.0: BAR 2 [mem 0xf0000000-0xf01fffff]
Jun 17 10:46:11 sarthak-swayam-VirtualBox kernel: pci 0000:00:02.0: Video device with shadowed ROM at [mem 0x000c0000-0x000dffff]
Jun 17 10:46:11 sarthak-swayam-VirtualBox kernel: pci 0000:00:03.0: [8086:100e] type 00 class 0x020000 conventional PCI endpoint
Jun 17 10:46:11 sarthak-swayam-VirtualBox kernel: pci 0000:00:03.0: BAR 0 [mem 0xf0200000-0xf021ffff]
Jun 17 10:46:11 sarthak-swayam-VirtualBox kernel: pci 0000:00:03.0: BAR 2 [io  0xd020-0xd027]
Jun 17 10:46:11 sarthak-swayam-VirtualBox kernel: pci 0000:00:04.0: [80ee:cafe] type 00 class 0x088000 conventional PCI endpoint
Jun 17 10:46:11 sarthak-swayam-VirtualBox kernel: pci 0000:00:04.0: BAR 0 [io  0xd040-0xd05f]
Jun 17 10:46:11 sarthak-swayam-VirtualBox kernel: pci 0000:00:04.0: BAR 1 [mem 0xf0400000-0xf07fffff]
Jun 17 10:46:11 sarthak-swayam-VirtualBox kernel: pci 0000:00:04.0: BAR 2 [mem 0xf0800000-0xf0803fff pref]
Jun 17 10:46:11 sarthak-swayam-VirtualBox kernel: pci 0000:00:05.0: [8086:2415] type 00 class 0x040100 conventional PCI endpoint
Jun 17 10:46:11 sarthak-swayam-VirtualBox kernel: pci 0000:00:05.0: BAR 0 [io  0xd100-0xd1ff]
Jun 17 10:46:11 sarthak-swayam-VirtualBox kernel: pci 0000:00:05.0: BAR 1 [io  0xd200-0xd23f]
Jun 17 10:46:11 sarthak-swayam-VirtualBox kernel: pci 0000:00:06.0: [106b:003f] type 00 class 0x0c0310 conventional PCI endpoint
Jun 17 10:46:11 sarthak-swayam-VirtualBox kernel: pci 0000:00:06.0: BAR 0 [mem 0xf0804000-0xf0804fff]
Jun 17 10:46:11 sarthak-swayam-VirtualBox kernel: pci 0000:00:07.0: [8086:7113] type 00 class 0x068000 conventional PCI endpoint
Jun 17 10:46:11 sarthak-swayam-VirtualBox kernel: pci 0000:00:07.0: quirk: [io  0x4000-0x403f] claimed by PIIX4 ACPI
Jun 17 10:46:11 sarthak-swayam-VirtualBox kernel: pci 0000:00:07.0: quirk: [io  0x4100-0x410f] claimed by PIIX4 SMB
Jun 17 10:46:11 sarthak-swayam-VirtualBox kernel: pci 0000:00:0b.0: [8086:265c] type 00 class 0x0c0320 conventional PCI endpoint
Jun 17 10:46:11 sarthak-swayam-VirtualBox kernel: pci 0000:00:0b.0: BAR 0 [mem 0xf0805000-0xf0805fff]
Jun 17 10:46:11 sarthak-swayam-VirtualBox kernel: pci 0000:00:0d.0: [8086:2829] type 00 class 0x010601 conventional PCI endpoint
Jun 17 10:46:11 sarthak-swayam-VirtualBox kernel: pci 0000:00:0d.0: BAR 0 [io  0xd240-0xd247]
Jun 17 10:46:11 sarthak-swayam-VirtualBox kernel: pci 0000:00:0d.0: BAR 1 [io  0xd248-0xd24b]
Jun 17 10:46:11 sarthak-swayam-VirtualBox kernel: pci 0000:00:0d.0: BAR 2 [io  0xd250-0xd257]
Jun 17 10:46:11 sarthak-swayam-VirtualBox kernel: pci 0000:00:0d.0: BAR 3 [io  0xd258-0xd25b]
Jun 17 10:46:11 sarthak-swayam-VirtualBox kernel: pci 0000:00:0d.0: BAR 4 [io  0xd260-0xd26f]
Jun 17 10:46:11 sarthak-swayam-VirtualBox kernel: pci 0000:00:0d.0: BAR 5 [mem 0xf0806000-0xf0807fff]
Jun 17 10:46:11 sarthak-swayam-VirtualBox kernel: ACPI: PCI: Interrupt link LNKA configured for IRQ 11
Jun 17 10:46:11 sarthak-swayam-VirtualBox kernel: ACPI: PCI: Interrupt link LNKB configured for IRQ 10
Jun 17 10:46:11 sarthak-swayam-VirtualBox kernel: ACPI: PCI: Interrupt link LNKC configured for IRQ 9
Jun 17 10:46:11 sarthak-swayam-VirtualBox kernel: ACPI: PCI: Interrupt link LNKD configured for IRQ 11
Jun 17 10:46:11 sarthak-swayam-VirtualBox kernel: iommu: Default domain type: Translated
Jun 17 10:46:11 sarthak-swayam-VirtualBox kernel: iommu: DMA domain TLB invalidation policy: lazy mode
Jun 17 10:46:11 sarthak-swayam-VirtualBox kernel: SCSI subsystem initialized
Jun 17 10:46:11 sarthak-swayam-VirtualBox kernel: libata version 3.00 loaded.
Jun 17 10:46:11 sarthak-swayam-VirtualBox kernel: ACPI: bus type USB registered
Jun 17 10:46:11 sarthak-swayam-VirtualBox kernel: usbcore: registered new interface driver usbfs
Jun 17 10:46:11 sarthak-swayam-VirtualBox kernel: usbcore: registered new interface driver hub
Jun 17 10:46:11 sarthak-swayam-VirtualBox kernel: usbcore: registered new device driver usb
Jun 17 10:46:11 sarthak-swayam-VirtualBox kernel: pps_core: LinuxPPS API ver. 1 registered
Jun 17 10:46:11 sarthak-swayam-VirtualBox kernel: pps_core: Software ver. 5.3.6 - Copyright 2005-2007 Rodolfo Giometti <giometti@linux.it>
Jun 17 10:46:11 sarthak-swayam-VirtualBox kernel: PTP clock support registered
Jun 17 10:46:11 sarthak-swayam-VirtualBox kernel: EDAC MC: Ver: 3.0.0
Jun 17 10:46:11 sarthak-swayam-VirtualBox kernel: NetLabel: Initializing
Jun 17 10:46:11 sarthak-swayam-VirtualBox kernel: NetLabel:  domain hash size = 128
Jun 17 10:46:11 sarthak-swayam-VirtualBox kernel: NetLabel:  protocols = UNLABELED CIPSOv4 CALIPSO
Jun 17 10:46:11 sarthak-swayam-VirtualBox kernel: NetLabel:  unlabeled traffic allowed by default
Jun 17 10:46:11 sarthak-swayam-VirtualBox kernel: mctp: management component transport protocol core
Jun 17 10:46:11 sarthak-swayam-VirtualBox kernel: NET: Registered PF_MCTP protocol family
Jun 17 10:46:11 sarthak-swayam-VirtualBox kernel: PCI: Using ACPI for IRQ routing
Jun 17 10:46:11 sarthak-swayam-VirtualBox kernel: PCI: pci_cache_line_size set to 64 bytes
Jun 17 10:46:11 sarthak-swayam-VirtualBox kernel: e820: register RAM buffer resource [mem 0x0009fc00-0x0009ffff]
Jun 17 10:46:11 sarthak-swayam-VirtualBox kernel: e820: register RAM buffer resource [mem 0xdfff0000-0xdfffffff]
Jun 17 10:46:11 sarthak-swayam-VirtualBox kernel: pci 0000:00:02.0: vgaarb: setting as boot VGA device
Jun 17 10:46:11 sarthak-swayam-VirtualBox kernel: pci 0000:00:02.0: vgaarb: bridge control possible
Jun 17 10:46:11 sarthak-swayam-VirtualBox kernel: pci 0000:00:02.0: vgaarb: VGA device added: decodes=io+mem,owns=io+mem,locks=none
Jun 17 10:46:11 sarthak-swayam-VirtualBox kernel: vgaarb: loaded
Jun 17 10:46:11 sarthak-swayam-VirtualBox kernel: clocksource: Switched to clocksource kvm-clock
Jun 17 10:46:11 sarthak-swayam-VirtualBox kernel: VFS: Disk quotas dquot_6.6.0
Jun 17 10:46:11 sarthak-swayam-VirtualBox kernel: VFS: Dquot-cache hash table entries: 512 (order 0, 4096 bytes)
Jun 17 10:46:11 sarthak-swayam-VirtualBox kernel: AppArmor: AppArmor Filesystem Enabled
Jun 17 10:46:11 sarthak-swayam-VirtualBox kernel: pnp: PnP ACPI init
Jun 17 10:46:11 sarthak-swayam-VirtualBox kernel: pnp: PnP ACPI: found 2 devices
Jun 17 10:46:11 sarthak-swayam-VirtualBox kernel: clocksource: acpi_pm: mask: 0xffffff max_cycles: 0xffffff, max_idle_ns: 2085701024 ns
Jun 17 10:46:11 sarthak-swayam-VirtualBox kernel: NET: Registered PF_INET protocol family
Jun 17 10:46:11 sarthak-swayam-VirtualBox kernel: IP idents hash table entries: 131072 (order: 8, 1048576 bytes, linear)
Jun 17 10:46:11 sarthak-swayam-VirtualBox kernel: tcp_listen_portaddr_hash hash table entries: 4096 (order: 4, 65536 bytes, linear)
Jun 17 10:46:11 sarthak-swayam-VirtualBox kernel: Table-perturb hash table entries: 65536 (order: 6, 262144 bytes, linear)
Jun 17 10:46:11 sarthak-swayam-VirtualBox kernel: TCP established hash table entries: 65536 (order: 7, 524288 bytes, linear)
Jun 17 10:46:11 sarthak-swayam-VirtualBox kernel: TCP bind hash table entries: 65536 (order: 9, 2097152 bytes, linear)
Jun 17 10:46:11 sarthak-swayam-VirtualBox kernel: TCP: Hash tables configured (established 65536 bind 65536)
Jun 17 10:46:11 sarthak-swayam-VirtualBox kernel: MPTCP token hash table entries: 8192 (order: 6, 196608 bytes, linear)
Jun 17 10:46:11 sarthak-swayam-VirtualBox kernel: UDP hash table entries: 4096 (order: 6, 262144 bytes, linear)
Jun 17 10:46:11 sarthak-swayam-VirtualBox kernel: UDP-Lite hash table entries: 4096 (order: 6, 262144 bytes, linear)
Jun 17 10:46:11 sarthak-swayam-VirtualBox kernel: NET: Registered PF_UNIX/PF_LOCAL protocol family
Jun 17 10:46:11 sarthak-swayam-VirtualBox kernel: NET: Registered PF_XDP protocol family
Jun 17 10:46:11 sarthak-swayam-VirtualBox kernel: pci_bus 0000:00: resource 4 [io  0x0000-0x0cf7 window]
Jun 17 10:46:11 sarthak-swayam-VirtualBox kernel: pci_bus 0000:00: resource 5 [io  0x0d00-0xffff window]
Jun 17 10:46:11 sarthak-swayam-VirtualBox kernel: pci_bus 0000:00: resource 6 [mem 0x000a0000-0x000bffff window]
Jun 17 10:46:11 sarthak-swayam-VirtualBox kernel: pci_bus 0000:00: resource 7 [mem 0xe0000000-0xfdffffff window]
Jun 17 10:46:11 sarthak-swayam-VirtualBox kernel: pci 0000:00:00.0: Limiting direct PCI/PCI transfers
Jun 17 10:46:11 sarthak-swayam-VirtualBox kernel: PCI: CLS 0 bytes, default 64
Jun 17 10:46:11 sarthak-swayam-VirtualBox kernel: PCI-DMA: Using software bounce buffering for IO (SWIOTLB)
Jun 17 10:46:11 sarthak-swayam-VirtualBox kernel: software IO TLB: mapped [mem 0x00000000bb000000-0x00000000bf000000] (64MB)
Jun 17 10:46:11 sarthak-swayam-VirtualBox kernel: clocksource: tsc: mask: 0xffffffffffffffff max_cycles: 0x2cd5a8bb032, max_idle_ns: 440795365915 ns
Jun 17 10:46:11 sarthak-swayam-VirtualBox kernel: clocksource: Switched to clocksource tsc
Jun 17 10:46:11 sarthak-swayam-VirtualBox kernel: platform rtc_cmos: registered platform RTC device (no PNP device found)
Jun 17 10:46:11 sarthak-swayam-VirtualBox kernel: Trying to unpack rootfs image as initramfs...
Jun 17 10:46:11 sarthak-swayam-VirtualBox kernel: Initialise system trusted keyrings
Jun 17 10:46:11 sarthak-swayam-VirtualBox kernel: Key type blacklist registered
Jun 17 10:46:11 sarthak-swayam-VirtualBox kernel: workingset: timestamp_bits=36 max_order=21 bucket_order=0
Jun 17 10:46:11 sarthak-swayam-VirtualBox kernel: squashfs: version 4.0 (2009/01/31) Phillip Lougher
Jun 17 10:46:11 sarthak-swayam-VirtualBox kernel: fuse: init (API version 7.45)
Jun 17 10:46:11 sarthak-swayam-VirtualBox kernel: integrity: Platform Keyring initialized
Jun 17 10:46:11 sarthak-swayam-VirtualBox kernel: integrity: Machine keyring initialized
Jun 17 10:46:11 sarthak-swayam-VirtualBox kernel: Key type asymmetric registered
Jun 17 10:46:11 sarthak-swayam-VirtualBox kernel: Asymmetric key parser 'x509' registered
Jun 17 10:46:11 sarthak-swayam-VirtualBox kernel: Block layer SCSI generic (bsg) driver version 0.4 loaded (major 242)
Jun 17 10:46:11 sarthak-swayam-VirtualBox kernel: io scheduler mq-deadline registered
Jun 17 10:46:11 sarthak-swayam-VirtualBox kernel: ledtrig-cpu: registered to indicate activity on CPUs
Jun 17 10:46:11 sarthak-swayam-VirtualBox kernel: ACPI: AC: AC Adapter [AC] (on-line)
Jun 17 10:46:11 sarthak-swayam-VirtualBox kernel: input: Power Button as /devices/platform/LNXPWRBN:00/input/input0
Jun 17 10:46:11 sarthak-swayam-VirtualBox kernel: ACPI: button: Power Button [PWRF]
Jun 17 10:46:11 sarthak-swayam-VirtualBox kernel: input: Sleep Button as /devices/platform/LNXSLPBN:00/input/input1
Jun 17 10:46:11 sarthak-swayam-VirtualBox kernel: ACPI: button: Sleep Button [SLPF]
Jun 17 10:46:11 sarthak-swayam-VirtualBox kernel: Serial: 8250/16550 driver, 32 ports, IRQ sharing enabled
Jun 17 10:46:11 sarthak-swayam-VirtualBox kernel: ACPI: battery: Slot [BAT0] (battery present)
Jun 17 10:46:11 sarthak-swayam-VirtualBox kernel: Freeing initrd memory: 39500K
Jun 17 10:46:11 sarthak-swayam-VirtualBox kernel: Linux agpgart interface v0.103
Jun 17 10:46:11 sarthak-swayam-VirtualBox kernel: loop: module loaded
Jun 17 10:46:11 sarthak-swayam-VirtualBox kernel: scsi host0: ata_piix
Jun 17 10:46:11 sarthak-swayam-VirtualBox kernel: scsi host1: ata_piix
Jun 17 10:46:11 sarthak-swayam-VirtualBox kernel: ata1: PATA max UDMA/33 cmd 0x1f0 ctl 0x3f6 bmdma 0xd000 irq 14 lpm-pol 0
Jun 17 10:46:11 sarthak-swayam-VirtualBox kernel: ata2: PATA max UDMA/33 cmd 0x170 ctl 0x376 bmdma 0xd008 irq 15 lpm-pol 0
Jun 17 10:46:11 sarthak-swayam-VirtualBox kernel: ACPI: bus type drm_connector registered
Jun 17 10:46:11 sarthak-swayam-VirtualBox kernel: tun: Universal TUN/TAP device driver, 1.6
Jun 17 10:46:11 sarthak-swayam-VirtualBox kernel: PPP generic driver version 2.4.2
Jun 17 10:46:11 sarthak-swayam-VirtualBox kernel: ohci-pci 0000:00:06.0: OHCI PCI host controller
Jun 17 10:46:11 sarthak-swayam-VirtualBox kernel: ohci-pci 0000:00:06.0: new USB bus registered, assigned bus number 1
Jun 17 10:46:11 sarthak-swayam-VirtualBox kernel: ohci-pci 0000:00:06.0: irq 22, io mem 0xf0804000
Jun 17 10:46:11 sarthak-swayam-VirtualBox kernel: usb usb1: New USB device found, idVendor=1d6b, idProduct=0001, bcdDevice= 7.00
Jun 17 10:46:11 sarthak-swayam-VirtualBox kernel: usb usb1: New USB device strings: Mfr=3, Product=2, SerialNumber=1
Jun 17 10:46:11 sarthak-swayam-VirtualBox kernel: usb usb1: Product: OHCI PCI host controller
Jun 17 10:46:11 sarthak-swayam-VirtualBox kernel: usb usb1: Manufacturer: Linux 7.0.0-22-generic ohci_hcd
Jun 17 10:46:11 sarthak-swayam-VirtualBox kernel: usb usb1: SerialNumber: 0000:00:06.0
Jun 17 10:46:11 sarthak-swayam-VirtualBox kernel: hub 1-0:1.0: USB hub found
Jun 17 10:46:11 sarthak-swayam-VirtualBox kernel: hub 1-0:1.0: 12 ports detected
Jun 17 10:46:11 sarthak-swayam-VirtualBox kernel: i8042: PNP: PS/2 Controller [PNP0303:PS2K,PNP0f03:PS2M] at 0x60,0x64 irq 1,12
Jun 17 10:46:11 sarthak-swayam-VirtualBox kernel: ehci-pci 0000:00:0b.0: EHCI Host Controller
Jun 17 10:46:11 sarthak-swayam-VirtualBox kernel: ehci-pci 0000:00:0b.0: new USB bus registered, assigned bus number 2
Jun 17 10:46:11 sarthak-swayam-VirtualBox kernel: ehci-pci 0000:00:0b.0: irq 19, io mem 0xf0805000
Jun 17 10:46:11 sarthak-swayam-VirtualBox kernel: serio: i8042 KBD port at 0x60,0x64 irq 1
Jun 17 10:46:11 sarthak-swayam-VirtualBox kernel: serio: i8042 AUX port at 0x60,0x64 irq 12
Jun 17 10:46:11 sarthak-swayam-VirtualBox kernel: mousedev: PS/2 mouse device common for all mice
Jun 17 10:46:11 sarthak-swayam-VirtualBox kernel: rtc_cmos rtc_cmos: registered as rtc0
Jun 17 10:46:11 sarthak-swayam-VirtualBox kernel: rtc_cmos rtc_cmos: setting system clock to 2026-06-17T05:16:10 UTC (1781673370)
Jun 17 10:46:11 sarthak-swayam-VirtualBox kernel: rtc_cmos rtc_cmos: alarms up to one day, 114 bytes nvram
Jun 17 10:46:11 sarthak-swayam-VirtualBox kernel: i2c_dev: i2c /dev entries driver
Jun 17 10:46:11 sarthak-swayam-VirtualBox kernel: device-mapper: core: CONFIG_IMA_DISABLE_HTABLE is disabled. Duplicate IMA measurements will not be recorded in the IMA log.
Jun 17 10:46:11 sarthak-swayam-VirtualBox kernel: device-mapper: uevent: version 1.0.3
Jun 17 10:46:11 sarthak-swayam-VirtualBox kernel: input: AT Translated Set 2 keyboard as /devices/platform/i8042/serio0/input/input2
Jun 17 10:46:11 sarthak-swayam-VirtualBox kernel: device-mapper: ioctl: 4.50.0-ioctl (2025-04-28) initialised: dm-devel@lists.linux.dev
Jun 17 10:46:11 sarthak-swayam-VirtualBox kernel: intel_pstate: CPU model not supported
Jun 17 10:46:11 sarthak-swayam-VirtualBox kernel: drop_monitor: Initializing network drop monitor service
Jun 17 10:46:11 sarthak-swayam-VirtualBox kernel: NET: Registered PF_INET6 protocol family
Jun 17 10:46:11 sarthak-swayam-VirtualBox kernel: ehci-pci 0000:00:0b.0: USB 2.0 started, EHCI 1.00
Jun 17 10:46:11 sarthak-swayam-VirtualBox kernel: usb usb2: New USB device found, idVendor=1d6b, idProduct=0002, bcdDevice= 7.00
Jun 17 10:46:11 sarthak-swayam-VirtualBox kernel: usb usb2: New USB device strings: Mfr=3, Product=2, SerialNumber=1
Jun 17 10:46:11 sarthak-swayam-VirtualBox kernel: usb usb2: Product: EHCI Host Controller
Jun 17 10:46:11 sarthak-swayam-VirtualBox kernel: usb usb2: Manufacturer: Linux 7.0.0-22-generic ehci_hcd
Jun 17 10:46:11 sarthak-swayam-VirtualBox kernel: usb usb2: SerialNumber: 0000:00:0b.0
Jun 17 10:46:11 sarthak-swayam-VirtualBox kernel: hub 2-0:1.0: USB hub found
Jun 17 10:46:11 sarthak-swayam-VirtualBox kernel: hub 2-0:1.0: 12 ports detected
Jun 17 10:46:11 sarthak-swayam-VirtualBox kernel: Segment Routing with IPv6
Jun 17 10:46:11 sarthak-swayam-VirtualBox kernel: In-situ OAM (IOAM) with IPv6
Jun 17 10:46:11 sarthak-swayam-VirtualBox kernel: NET: Registered PF_PACKET protocol family
Jun 17 10:46:11 sarthak-swayam-VirtualBox kernel: Key type dns_resolver registered
Jun 17 10:46:11 sarthak-swayam-VirtualBox kernel: IPI shorthand broadcast: enabled
Jun 17 10:46:11 sarthak-swayam-VirtualBox kernel: sched_clock: Marking stable (575797551, 34120023)->(680805432, -70887858)
Jun 17 10:46:11 sarthak-swayam-VirtualBox kernel: registered taskstats version 1
Jun 17 10:46:11 sarthak-swayam-VirtualBox kernel: Loading compiled-in X.509 certificates
Jun 17 10:46:11 sarthak-swayam-VirtualBox kernel: Loaded X.509 cert 'Build time autogenerated kernel key: dc89478ca0cc19d49a8337465ee2fd0c98b2a3ff'
Jun 17 10:46:11 sarthak-swayam-VirtualBox kernel: Loaded X.509 cert 'Canonical Ltd. Live Patch Signing 2025 Kmod: d541cef61dc7e793b7eb7e899970a2eef0b5dc8c'
Jun 17 10:46:11 sarthak-swayam-VirtualBox kernel: Loaded X.509 cert 'Canonical Ltd. Live Patch Signing: 14df34d1a87cf37625abec039ef2bf521249b969'
Jun 17 10:46:11 sarthak-swayam-VirtualBox kernel: Loaded X.509 cert 'Canonical Ltd. Kernel Module Signing 2025 Kmod: 4627603d2357a2a3f81006370894c221175893e9'
Jun 17 10:46:11 sarthak-swayam-VirtualBox kernel: Loaded X.509 cert 'Canonical Ltd. Kernel Module Signing: 88f752e560a1e0737e31163a466ad7b70a850c19'
Jun 17 10:46:11 sarthak-swayam-VirtualBox kernel: blacklist: Loading compiled-in revocation X.509 certificates
Jun 17 10:46:11 sarthak-swayam-VirtualBox kernel: Loaded X.509 cert 'Canonical Ltd. Secure Boot Signing: 61482aa2830d0ab2ad5af10b7250da9033ddcef0'
Jun 17 10:46:11 sarthak-swayam-VirtualBox kernel: Loaded X.509 cert 'Canonical Ltd. Secure Boot Signing (2017): 242ade75ac4a15e50d50c84b0d45ff3eae707a03'
Jun 17 10:46:11 sarthak-swayam-VirtualBox kernel: Loaded X.509 cert 'Canonical Ltd. Secure Boot Signing (ESM 2018): 365188c1d374d6b07c3c8f240f8ef722433d6a8b'
Jun 17 10:46:11 sarthak-swayam-VirtualBox kernel: Loaded X.509 cert 'Canonical Ltd. Secure Boot Signing (2019): c0746fd6c5da3ae827864651ad66ae47fe24b3e8'
Jun 17 10:46:11 sarthak-swayam-VirtualBox kernel: Loaded X.509 cert 'Canonical Ltd. Secure Boot Signing (2021 v1): a8d54bbb3825cfb94fa13c9f8a594a195c107b8d'
Jun 17 10:46:11 sarthak-swayam-VirtualBox kernel: Loaded X.509 cert 'Canonical Ltd. Secure Boot Signing (2021 v2): 4cf046892d6fd3c9a5b03f98d845f90851dc6a8c'
Jun 17 10:46:11 sarthak-swayam-VirtualBox kernel: Loaded X.509 cert 'Canonical Ltd. Secure Boot Signing (2021 v3): 100437bb6de6e469b581e61cd66bce3ef4ed53af'
Jun 17 10:46:11 sarthak-swayam-VirtualBox kernel: Loaded X.509 cert 'Canonical Ltd. Secure Boot Signing (Ubuntu Core 2019): c1d57b8f6b743f23ee41f4f7ee292f06eecadfb9'
Jun 17 10:46:11 sarthak-swayam-VirtualBox kernel: Demotion targets for Node 0: null
Jun 17 10:46:11 sarthak-swayam-VirtualBox kernel: Key type .fscrypt registered
Jun 17 10:46:11 sarthak-swayam-VirtualBox kernel: Key type fscrypt-provisioning registered
Jun 17 10:46:11 sarthak-swayam-VirtualBox kernel: Key type big_key registered
Jun 17 10:46:11 sarthak-swayam-VirtualBox kernel: ata1.00: ATAPI: VBOX CD-ROM, 1.0, max UDMA/133
Jun 17 10:46:11 sarthak-swayam-VirtualBox kernel: scsi 0:0:0:0: CD-ROM            VBOX     CD-ROM           1.0  PQ: 0 ANSI: 5
Jun 17 10:46:11 sarthak-swayam-VirtualBox kernel: sr 0:0:0:0: [sr0] scsi3-mmc drive: 32x/32x xa/form2 tray
Jun 17 10:46:11 sarthak-swayam-VirtualBox kernel: cdrom: Uniform CD-ROM driver Revision: 3.20
Jun 17 10:46:11 sarthak-swayam-VirtualBox kernel: sr 0:0:0:0: Attached scsi CD-ROM sr0
Jun 17 10:46:11 sarthak-swayam-VirtualBox kernel: sr 0:0:0:0: Attached scsi generic sg0 type 5
Jun 17 10:46:11 sarthak-swayam-VirtualBox kernel: Key type encrypted registered
Jun 17 10:46:11 sarthak-swayam-VirtualBox kernel: AppArmor: AppArmor sha256 policy hashing enabled
Jun 17 10:46:11 sarthak-swayam-VirtualBox kernel: ima: No TPM chip found, activating TPM-bypass!
Jun 17 10:46:11 sarthak-swayam-VirtualBox kernel: Loading compiled-in module X.509 certificates
Jun 17 10:46:11 sarthak-swayam-VirtualBox kernel: Loaded X.509 cert 'Build time autogenerated kernel key: dc89478ca0cc19d49a8337465ee2fd0c98b2a3ff'
Jun 17 10:46:11 sarthak-swayam-VirtualBox kernel: ima: Allocated hash algorithm: sha256
Jun 17 10:46:11 sarthak-swayam-VirtualBox kernel: ima: No architecture policies found
Jun 17 10:46:11 sarthak-swayam-VirtualBox kernel: evm: Initialising EVM extended attributes:
Jun 17 10:46:11 sarthak-swayam-VirtualBox kernel: evm: security.selinux
Jun 17 10:46:11 sarthak-swayam-VirtualBox kernel: evm: security.SMACK64
Jun 17 10:46:11 sarthak-swayam-VirtualBox kernel: evm: security.SMACK64EXEC
Jun 17 10:46:11 sarthak-swayam-VirtualBox kernel: evm: security.SMACK64TRANSMUTE
Jun 17 10:46:11 sarthak-swayam-VirtualBox kernel: evm: security.SMACK64MMAP
Jun 17 10:46:11 sarthak-swayam-VirtualBox kernel: evm: security.apparmor
Jun 17 10:46:11 sarthak-swayam-VirtualBox kernel: evm: security.ima
Jun 17 10:46:11 sarthak-swayam-VirtualBox kernel: evm: security.capability
Jun 17 10:46:11 sarthak-swayam-VirtualBox kernel: evm: HMAC attrs: 0x1
Jun 17 10:46:11 sarthak-swayam-VirtualBox kernel: PM:   Magic number: 14:524:264
Jun 17 10:46:11 sarthak-swayam-VirtualBox kernel: RAS: Correctable Errors collector initialized.
Jun 17 10:46:11 sarthak-swayam-VirtualBox kernel: clk: Disabling unused clocks
Jun 17 10:46:11 sarthak-swayam-VirtualBox kernel: PM: genpd: Disabling unused power domains
Jun 17 10:46:11 sarthak-swayam-VirtualBox kernel: Freeing unused decrypted memory: 2028K
Jun 17 10:46:11 sarthak-swayam-VirtualBox kernel: Freeing unused kernel image (initmem) memory: 5292K
Jun 17 10:46:11 sarthak-swayam-VirtualBox kernel: Write protecting the kernel read-only data: 43008k
Jun 17 10:46:11 sarthak-swayam-VirtualBox kernel: Freeing unused kernel image (text/rodata gap) memory: 804K
Jun 17 10:46:11 sarthak-swayam-VirtualBox kernel: Freeing unused kernel image (rodata/data gap) memory: 1684K
Jun 17 10:46:11 sarthak-swayam-VirtualBox kernel: x86/mm: Checked W+X mappings: passed, no W+X pages found.
Jun 17 10:46:11 sarthak-swayam-VirtualBox kernel: Run /init as init process
Jun 17 10:46:11 sarthak-swayam-VirtualBox kernel:   with arguments:
Jun 17 10:46:11 sarthak-swayam-VirtualBox kernel:     /init
Jun 17 10:46:11 sarthak-swayam-VirtualBox kernel:     splash
Jun 17 10:46:11 sarthak-swayam-VirtualBox kernel:   with environment:
Jun 17 10:46:11 sarthak-swayam-VirtualBox kernel:     HOME=/
Jun 17 10:46:11 sarthak-swayam-VirtualBox kernel:     TERM=linux
Jun 17 10:46:11 sarthak-swayam-VirtualBox systemd[1]: Inserted module 'autofs4'
Jun 17 10:46:11 sarthak-swayam-VirtualBox systemd[1]: Successfully made /usr/ read-only.
Jun 17 10:46:11 sarthak-swayam-VirtualBox systemd[1]: systemd 259.5-0ubuntu3 running in system mode (+PAM +AUDIT +SELINUX +APPARMOR +IMA +IPE +SMACK +SECCOMP +GCRYPT -GNUTLS +OPENSSL +ACL +BLKID +CURL +ELFUTILS +FIDO2 +IDN2 -IDN +KMOD +LIBCRYPTSETUP +LIBCRYPTSETUP_PLUGINS +LIBFDISK +PCRE2 +PWQUALITY +P11KIT +QRENCODE +TPM2 +BZIP2 +LZ4 +XZ +ZLIB +ZSTD +BPF_FRAMEWORK +BTF -XKBCOMMON -UTMP +SYSVINIT +LIBARCHIVE)
Jun 17 10:46:11 sarthak-swayam-VirtualBox systemd[1]: Detected virtualization oracle.
Jun 17 10:46:11 sarthak-swayam-VirtualBox systemd[1]: Detected architecture x86-64.
Jun 17 10:46:11 sarthak-swayam-VirtualBox systemd[1]: Running in initrd.
Jun 17 10:46:11 sarthak-swayam-VirtualBox systemd[1]: Hostname set to <sarthak-swayam-VirtualBox>.
Jun 17 10:46:11 sarthak-swayam-VirtualBox kernel: usb 1-1: new full-speed USB device number 2 using ohci-pci
Jun 17 10:46:11 sarthak-swayam-VirtualBox systemd[1]: bpf-restrict-fs: BPF LSM hook not enabled in the kernel, BPF LSM not supported.
Jun 17 10:46:11 sarthak-swayam-VirtualBox systemd[1]: Queued start job for default target initrd.target.
Jun 17 10:46:11 sarthak-swayam-VirtualBox kernel: usb 1-1: New USB device found, idVendor=80ee, idProduct=0021, bcdDevice= 1.00
Jun 17 10:46:11 sarthak-swayam-VirtualBox kernel: usb 1-1: New USB device strings: Mfr=1, Product=3, SerialNumber=0
Jun 17 10:46:11 sarthak-swayam-VirtualBox kernel: usb 1-1: Product: USB Tablet
Jun 17 10:46:11 sarthak-swayam-VirtualBox kernel: usb 1-1: Manufacturer: VirtualBox
Jun 17 10:46:11 sarthak-swayam-VirtualBox systemd[1]: Expecting device dev-disk-by\x2duuid-0ef9af76\x2d2b9b\x2d453e\x2da1cd\x2de0cbae1ae96d.device - /dev/disk/by-uuid/0ef9af76-2b9b-453e-a1cd-e0cbae1ae96d...
Jun 17 10:46:11 sarthak-swayam-VirtualBox systemd[1]: Reached target initrd-usr-fs.target - Initrd /usr File System.
Jun 17 10:46:11 sarthak-swayam-VirtualBox systemd[1]: Reached target slices.target - Slice Units.
Jun 17 10:46:11 sarthak-swayam-VirtualBox systemd[1]: Reached target swap.target - Swaps.
Jun 17 10:46:11 sarthak-swayam-VirtualBox systemd[1]: Reached target timers.target - Timer Units.
Jun 17 10:46:11 sarthak-swayam-VirtualBox systemd[1]: Listening on systemd-journald-dev-log.socket - Journal Socket (/dev/log).
Jun 17 10:46:11 sarthak-swayam-VirtualBox systemd[1]: Listening on systemd-journald.socket - Journal Sockets.
Jun 17 10:46:11 sarthak-swayam-VirtualBox systemd[1]: Listening on systemd-udevd-control.socket - udev Control Socket.
Jun 17 10:46:11 sarthak-swayam-VirtualBox systemd[1]: Listening on systemd-udevd-kernel.socket - udev Kernel Socket.
Jun 17 10:46:11 sarthak-swayam-VirtualBox systemd[1]: Reached target sockets.target - Socket Units.
Jun 17 10:46:11 sarthak-swayam-VirtualBox systemd[1]: Starting dracut-cmdline-ask.service - dracut ask for additional cmdline parameters...
Jun 17 10:46:11 sarthak-swayam-VirtualBox systemd[1]: Starting kmod-static-nodes.service - Create List of Static Device Nodes...
Jun 17 10:46:11 sarthak-swayam-VirtualBox systemd[1]: Starting systemd-journald.service - Journal Service...
Jun 17 10:46:11 sarthak-swayam-VirtualBox systemd[1]: Starting systemd-modules-load.service - Load Kernel Modules...
Jun 17 10:46:11 sarthak-swayam-VirtualBox systemd[1]: systemd-pcrphase-initrd.service - TPM PCR Barrier (initrd) skipped, unmet condition check ConditionSecurity=measured-uki
Jun 17 10:46:11 sarthak-swayam-VirtualBox systemd[1]: Finished kmod-static-nodes.service - Create List of Static Device Nodes.
Jun 17 10:46:11 sarthak-swayam-VirtualBox systemd-journald[187]: Collecting audit messages is disabled.
Jun 17 10:46:11 sarthak-swayam-VirtualBox systemd[1]: Starting systemd-tmpfiles-setup-dev-early.service - Create Static Device Nodes in /dev gracefully...
Jun 17 10:46:11 sarthak-swayam-VirtualBox kernel: ppdev: user-space parallel port driver
Jun 17 10:46:11 sarthak-swayam-VirtualBox kernel: lp0: using parport0 (interrupt-driven).
Jun 17 10:46:11 sarthak-swayam-VirtualBox kernel: lp1: using parport1 (interrupt-driven).
Jun 17 10:46:11 sarthak-swayam-VirtualBox systemd[1]: Finished dracut-cmdline-ask.service - dracut ask for additional cmdline parameters.
Jun 17 10:46:11 sarthak-swayam-VirtualBox systemd[1]: Finished systemd-modules-load.service - Load Kernel Modules.
Jun 17 10:46:11 sarthak-swayam-VirtualBox systemd[1]: Starting dracut-cmdline.service - dracut cmdline hook...
Jun 17 10:46:11 sarthak-swayam-VirtualBox systemd-journald[187]: Journal started
Jun 17 10:46:11 sarthak-swayam-VirtualBox systemd-journald[187]: Runtime Journal (/run/log/journal/71b893d1160d44878d1e60a8ce519059) is 8M, max 108.1M, 100.1M free.
Jun 17 10:46:11 sarthak-swayam-VirtualBox systemd-modules-load[192]: Using 4 probe threads
Jun 17 10:46:11 sarthak-swayam-VirtualBox systemd-modules-load[192]: Module 'i2c_dev' is built in
Jun 17 10:46:11 sarthak-swayam-VirtualBox systemd-modules-load[192]: Inserted module 'ppdev'
Jun 17 10:46:11 sarthak-swayam-VirtualBox systemd-modules-load[192]: Inserted module 'msr'
Jun 17 10:46:11 sarthak-swayam-VirtualBox systemd-modules-load[192]: Inserted module 'lp'
Jun 17 10:46:11 sarthak-swayam-VirtualBox systemd-modules-load[192]: Inserted module 'parport_pc'
Jun 17 10:46:11 sarthak-swayam-VirtualBox systemd[1]: Starting systemd-sysctl.service - Apply Kernel Variables...
Jun 17 10:46:11 sarthak-swayam-VirtualBox systemd[1]: Started systemd-journald.service - Journal Service.
Jun 17 10:46:11 sarthak-swayam-VirtualBox systemd[1]: Finished systemd-tmpfiles-setup-dev-early.service - Create Static Device Nodes in /dev gracefully.
Jun 17 10:46:11 sarthak-swayam-VirtualBox systemd[1]: Starting systemd-tmpfiles-setup-dev.service - Create Static Device Nodes in /dev...
Jun 17 10:46:11 sarthak-swayam-VirtualBox dracut-cmdline[220]: dracut-110-11
Jun 17 10:46:11 sarthak-swayam-VirtualBox systemd[1]: Finished systemd-sysctl.service - Apply Kernel Variables.
Jun 17 10:46:11 sarthak-swayam-VirtualBox dracut-cmdline[220]: Using kernel command line parameters:  root=UUID=0ef9af76-2b9b-453e-a1cd-e0cbae1ae96d rootfstype=ext4 rootflags=rw,relatime   BOOT_IMAGE=/boot/vmlinuz-7.0.0-22-generic root=UUID=0ef9af76-2b9b-453e-a1cd-e0cbae1ae96d ro quiet splash crashkernel=2G-4G:320M,4G-32G:512M,32G-64G:1024M,64G-128G:2048M,128G-:4096M
Jun 17 10:46:11 sarthak-swayam-VirtualBox systemd[1]: Finished systemd-tmpfiles-setup-dev.service - Create Static Device Nodes in /dev.
Jun 17 10:46:11 sarthak-swayam-VirtualBox systemd[1]: Reached target local-fs-pre.target - Preparation for Local File Systems.
Jun 17 10:46:11 sarthak-swayam-VirtualBox systemd[1]: Reached target local-fs.target - Local File Systems.
Jun 17 10:46:11 sarthak-swayam-VirtualBox systemd[1]: Starting systemd-tmpfiles-setup.service - Create System Files and Directories...
Jun 17 10:46:11 sarthak-swayam-VirtualBox systemd-tmpfiles[257]: /usr/lib/tmpfiles.d/systemd.conf:33: Duplicate line for path "/var/lib/systemd", ignoring.
Jun 17 10:46:11 sarthak-swayam-VirtualBox systemd-tmpfiles[257]: /usr/lib/tmpfiles.d/var.conf:14: Duplicate line for path "/var/log", ignoring.
Jun 17 10:46:11 sarthak-swayam-VirtualBox systemd[1]: Finished systemd-tmpfiles-setup.service - Create System Files and Directories.
Jun 17 10:46:11 sarthak-swayam-VirtualBox systemd[1]: Finished dracut-cmdline.service - dracut cmdline hook.
Jun 17 10:46:11 sarthak-swayam-VirtualBox systemd[1]: Starting dracut-pre-udev.service - dracut pre-udev hook...
Jun 17 10:46:11 sarthak-swayam-VirtualBox systemd[1]: Finished dracut-pre-udev.service - dracut pre-udev hook.
Jun 17 10:46:11 sarthak-swayam-VirtualBox systemd[1]: Starting systemd-udevd.service - Rule-based Manager for Device Events and Files...
Jun 17 10:46:11 sarthak-swayam-VirtualBox systemd-udevd[308]: Using default interface naming scheme 'v259'.
Jun 17 10:46:11 sarthak-swayam-VirtualBox systemd[1]: Started systemd-udevd.service - Rule-based Manager for Device Events and Files.
Jun 17 10:46:11 sarthak-swayam-VirtualBox systemd[1]: dracut-pre-trigger.service - dracut pre-trigger hook skipped, no trigger condition checks were met.
Jun 17 10:46:11 sarthak-swayam-VirtualBox systemd[1]: Starting systemd-udev-trigger.service - Coldplug All udev Devices...
Jun 17 10:46:11 sarthak-swayam-VirtualBox systemd[1]: Finished systemd-udev-trigger.service - Coldplug All udev Devices.
Jun 17 10:46:11 sarthak-swayam-VirtualBox systemd[1]: Reached target sysinit.target - System Initialization.
Jun 17 10:46:11 sarthak-swayam-VirtualBox systemd[1]: Starting dracut-initqueue.service - dracut initqueue hook...
Jun 17 10:46:11 sarthak-swayam-VirtualBox systemd[1]: Starting plymouth-start.service - Show Plymouth Boot Screen...
Jun 17 10:46:11 sarthak-swayam-VirtualBox systemd[1]: Received SIGRTMIN+20 from PID 349 (plymouthd).
Jun 17 10:46:11 sarthak-swayam-VirtualBox systemd[1]: Created slice system-modprobe.slice - Slice /system/modprobe.
Jun 17 10:46:11 sarthak-swayam-VirtualBox systemd[1]: modprobe@configfs.service - Load Kernel Module configfs skipped, unmet condition check ConditionKernelModuleLoaded=!configfs
Jun 17 10:46:11 sarthak-swayam-VirtualBox systemd[1]: Received SIGRTMIN+20 from PID 349 (plymouthd).
Jun 17 10:46:11 sarthak-swayam-VirtualBox systemd[1]: Started plymouth-start.service - Show Plymouth Boot Screen.
Jun 17 10:46:11 sarthak-swayam-VirtualBox systemd[1]: systemd-ask-password-console.path - Dispatch Password Requests to Console Directory Watch skipped, unmet condition check ConditionPathExists=!/run/plymouth/pid
Jun 17 10:46:11 sarthak-swayam-VirtualBox systemd[1]: Started systemd-ask-password-plymouth.path - Forward Password Requests to Plymouth Directory Watch.
Jun 17 10:46:11 sarthak-swayam-VirtualBox systemd[1]: Reached target paths.target - Path Units.
Jun 17 10:46:11 sarthak-swayam-VirtualBox systemd[1]: Reached target basic.target - Basic System.
Jun 17 10:46:11 sarthak-swayam-VirtualBox systemd[1]: System is tainted: unmerged-bin
Jun 17 10:46:11 sarthak-swayam-VirtualBox systemd[1]: systemd-battery-check.service - Early Battery Level Check skipped, unmet condition check ConditionVirtualization=no
Jun 17 10:46:11 sarthak-swayam-VirtualBox kernel: ahci 0000:00:0d.0: SSS flag set, parallel bus scan disabled
Jun 17 10:46:11 sarthak-swayam-VirtualBox kernel: ahci 0000:00:0d.0: AHCI vers 0001.0100, 32 command slots, 3 Gbps, SATA mode
Jun 17 10:46:11 sarthak-swayam-VirtualBox kernel: ahci 0000:00:0d.0: 1/1 ports implemented (port mask 0x1)
Jun 17 10:46:11 sarthak-swayam-VirtualBox kernel: ahci 0000:00:0d.0: flags: 64bit ncq stag only ccc 
Jun 17 10:46:11 sarthak-swayam-VirtualBox kernel: ACPI: video: Video Device [GFX0] (multi-head: yes  rom: no  post: no)
Jun 17 10:46:11 sarthak-swayam-VirtualBox kernel: input: Video Bus as /devices/pci0000:00/acpi.video_bus.0/input/input4
Jun 17 10:46:11 sarthak-swayam-VirtualBox kernel: scsi host2: ahci
Jun 17 10:46:11 sarthak-swayam-VirtualBox kernel: ata3: SATA max UDMA/133 abar m8192@0xf0806000 port 0xf0806100 irq 21 lpm-pol 1
Jun 17 10:46:11 sarthak-swayam-VirtualBox kernel: input: ImExPS/2 Generic Explorer Mouse as /devices/platform/i8042/serio1/input/input5
Jun 17 10:46:11 sarthak-swayam-VirtualBox (udev-worker)[326]: system: Failed to find and pin callout binary "/usr/lib/snapd/snap-device-helper": No such file or directory
Jun 17 10:46:11 sarthak-swayam-VirtualBox (udev-worker)[326]: system: Failed to execute '/usr/lib/snapd/snap-device-helper add snap_desktop-security-center_desktop-security-center /devices/virtual/dma_heap/system 248:0', ignoring: No such file or directory
Jun 17 10:46:11 sarthak-swayam-VirtualBox (udev-worker)[326]: system: Failed to find and pin callout binary "/usr/lib/snapd/snap-device-helper": No such file or directory
Jun 17 10:46:11 sarthak-swayam-VirtualBox (udev-worker)[326]: system: Failed to execute '/usr/lib/snapd/snap-device-helper add snap_firefox_firefox /devices/virtual/dma_heap/system 248:0', ignoring: No such file or directory
Jun 17 10:46:11 sarthak-swayam-VirtualBox (udev-worker)[326]: system: Failed to find and pin callout binary "/usr/lib/snapd/snap-device-helper": No such file or directory
Jun 17 10:46:11 sarthak-swayam-VirtualBox (udev-worker)[326]: system: Failed to execute '/usr/lib/snapd/snap-device-helper add snap_firefox_geckodriver /devices/virtual/dma_heap/system 248:0', ignoring: No such file or directory
Jun 17 10:46:11 sarthak-swayam-VirtualBox (udev-worker)[326]: system: Failed to find and pin callout binary "/usr/lib/snapd/snap-device-helper": No such file or directory
Jun 17 10:46:11 sarthak-swayam-VirtualBox (udev-worker)[326]: system: Failed to execute '/usr/lib/snapd/snap-device-helper add snap_firmware-updater_firmware-notifier /devices/virtual/dma_heap/system 248:0', ignoring: No such file or directory
Jun 17 10:46:11 sarthak-swayam-VirtualBox (udev-worker)[326]: system: Failed to find and pin callout binary "/usr/lib/snapd/snap-device-helper": No such file or directory
Jun 17 10:46:11 sarthak-swayam-VirtualBox (udev-worker)[326]: system: Failed to execute '/usr/lib/snapd/snap-device-helper add snap_firmware-updater_firmware-updater /devices/virtual/dma_heap/system 248:0', ignoring: No such file or directory
Jun 17 10:46:11 sarthak-swayam-VirtualBox (udev-worker)[326]: system: Failed to find and pin callout binary "/usr/lib/snapd/snap-device-helper": No such file or directory
Jun 17 10:46:11 sarthak-swayam-VirtualBox (udev-worker)[326]: system: Failed to execute '/usr/lib/snapd/snap-device-helper add snap_firmware-updater_firmware-updater-app /devices/virtual/dma_heap/system 248:0', ignoring: No such file or directory
Jun 17 10:46:11 sarthak-swayam-VirtualBox (udev-worker)[326]: system: Failed to find and pin callout binary "/usr/lib/snapd/snap-device-helper": No such file or directory
Jun 17 10:46:11 sarthak-swayam-VirtualBox (udev-worker)[326]: system: Failed to execute '/usr/lib/snapd/snap-device-helper add snap_prompting-client_daemon /devices/virtual/dma_heap/system 248:0', ignoring: No such file or directory
Jun 17 10:46:11 sarthak-swayam-VirtualBox (udev-worker)[326]: system: Failed to find and pin callout binary "/usr/lib/snapd/snap-device-helper": No such file or directory
Jun 17 10:46:11 sarthak-swayam-VirtualBox (udev-worker)[326]: system: Failed to execute '/usr/lib/snapd/snap-device-helper add snap_prompting-client_echo /devices/virtual/dma_heap/system 248:0', ignoring: No such file or directory
Jun 17 10:46:11 sarthak-swayam-VirtualBox (udev-worker)[326]: system: Failed to find and pin callout binary "/usr/lib/snapd/snap-device-helper": No such file or directory
Jun 17 10:46:11 sarthak-swayam-VirtualBox (udev-worker)[326]: system: Failed to execute '/usr/lib/snapd/snap-device-helper add snap_prompting-client_logging-level /devices/virtual/dma_heap/system 248:0', ignoring: No such file or directory
Jun 17 10:46:11 sarthak-swayam-VirtualBox (udev-worker)[326]: system: Failed to find and pin callout binary "/usr/lib/snapd/snap-device-helper": No such file or directory
Jun 17 10:46:11 sarthak-swayam-VirtualBox (udev-worker)[326]: system: Failed to execute '/usr/lib/snapd/snap-device-helper add snap_prompting-client_scripted /devices/virtual/dma_heap/system 248:0', ignoring: No such file or directory
Jun 17 10:46:11 sarthak-swayam-VirtualBox (udev-worker)[326]: system: Failed to find and pin callout binary "/usr/lib/snapd/snap-device-helper": No such file or directory
Jun 17 10:46:11 sarthak-swayam-VirtualBox (udev-worker)[326]: system: Failed to execute '/usr/lib/snapd/snap-device-helper add snap_snap-store_packagekit-session-installer /devices/virtual/dma_heap/system 248:0', ignoring: No such file or directory
Jun 17 10:46:11 sarthak-swayam-VirtualBox (udev-worker)[326]: system: Failed to find and pin callout binary "/usr/lib/snapd/snap-device-helper": No such file or directory
Jun 17 10:46:11 sarthak-swayam-VirtualBox (udev-worker)[326]: system: Failed to execute '/usr/lib/snapd/snap-device-helper add snap_snap-store_show-updates /devices/virtual/dma_heap/system 248:0', ignoring: No such file or directory
Jun 17 10:46:11 sarthak-swayam-VirtualBox (udev-worker)[326]: system: Failed to find and pin callout binary "/usr/lib/snapd/snap-device-helper": No such file or directory
Jun 17 10:46:11 sarthak-swayam-VirtualBox (udev-worker)[326]: system: Failed to execute '/usr/lib/snapd/snap-device-helper add snap_snap-store_snap-store /devices/virtual/dma_heap/system 248:0', ignoring: No such file or directory
Jun 17 10:46:11 sarthak-swayam-VirtualBox (udev-worker)[326]: system: Failed to find and pin callout binary "/usr/lib/snapd/snap-device-helper": No such file or directory
Jun 17 10:46:11 sarthak-swayam-VirtualBox (udev-worker)[326]: system: Failed to execute '/usr/lib/snapd/snap-device-helper add snap_snapd-desktop-integration_snapd-desktop-integration /devices/virtual/dma_heap/system 248:0', ignoring: No such file or directory
Jun 17 10:46:11 sarthak-swayam-VirtualBox kernel: hid: raw HID events driver (C) Jiri Kosina
Jun 17 10:46:11 sarthak-swayam-VirtualBox (udev-worker)[315]: full: Failed to find and pin callout binary "/usr/lib/snapd/snap-device-helper": No such file or directory
Jun 17 10:46:11 sarthak-swayam-VirtualBox (udev-worker)[315]: full: Failed to execute '/usr/lib/snapd/snap-device-helper add snap_firefox_firefox /devices/virtual/mem/full 1:7', ignoring: No such file or directory
Jun 17 10:46:11 sarthak-swayam-VirtualBox (udev-worker)[315]: full: Failed to find and pin callout binary "/usr/lib/snapd/snap-device-helper": No such file or directory
Jun 17 10:46:11 sarthak-swayam-VirtualBox (udev-worker)[315]: full: Failed to execute '/usr/lib/snapd/snap-device-helper add snap_firefox_geckodriver /devices/virtual/mem/full 1:7', ignoring: No such file or directory
Jun 17 10:46:12 sarthak-swayam-VirtualBox kernel: ata3: SATA link up 3.0 Gbps (SStatus 123 SControl 300)
Jun 17 10:46:12 sarthak-swayam-VirtualBox kernel: ata3.00: ATA-6: VBOX HARDDISK, 1.0, max UDMA/133
Jun 17 10:46:12 sarthak-swayam-VirtualBox kernel: ata3.00: 125829120 sectors, multi 128: LBA48 NCQ (depth 32)
Jun 17 10:46:12 sarthak-swayam-VirtualBox kernel: ata3.00: configured for UDMA/133
Jun 17 10:46:12 sarthak-swayam-VirtualBox kernel: scsi 2:0:0:0: Direct-Access     ATA      VBOX HARDDISK    1.0  PQ: 0 ANSI: 5
Jun 17 10:46:12 sarthak-swayam-VirtualBox kernel: sd 2:0:0:0: [sda] 125829120 512-byte logical blocks: (64.4 GB/60.0 GiB)
Jun 17 10:46:12 sarthak-swayam-VirtualBox kernel: sd 2:0:0:0: [sda] Write Protect is off
Jun 17 10:46:12 sarthak-swayam-VirtualBox kernel: sd 2:0:0:0: [sda] Mode Sense: 00 3a 00 00
Jun 17 10:46:12 sarthak-swayam-VirtualBox kernel: sd 2:0:0:0: [sda] Write cache: enabled, read cache: enabled, doesn't support DPO or FUA
Jun 17 10:46:12 sarthak-swayam-VirtualBox kernel: sd 2:0:0:0: [sda] Preferred minimum I/O size 512 bytes
Jun 17 10:46:12 sarthak-swayam-VirtualBox kernel: sd 2:0:0:0: Attached scsi generic sg1 type 0
Jun 17 10:46:12 sarthak-swayam-VirtualBox kernel:  sda: sda1 sda2
Jun 17 10:46:12 sarthak-swayam-VirtualBox kernel: sd 2:0:0:0: [sda] Attached SCSI disk
Jun 17 10:46:12 sarthak-swayam-VirtualBox kernel: usbcore: registered new interface driver usbhid
Jun 17 10:46:12 sarthak-swayam-VirtualBox kernel: usbhid: USB HID core driver
Jun 17 10:46:12 sarthak-swayam-VirtualBox kernel: input: VirtualBox USB Tablet as /devices/pci0000:00/0000:00:06.0/usb1/1-1/1-1:1.0/0003:80EE:0021.0001/input/input6
Jun 17 10:46:12 sarthak-swayam-VirtualBox kernel: hid-generic 0003:80EE:0021.0001: input,hidraw0: USB HID v1.10 Mouse [VirtualBox USB Tablet] on usb-0000:00:06.0-1/input0
Jun 17 10:46:12 sarthak-swayam-VirtualBox systemd[1]: Found device dev-disk-by\x2duuid-0ef9af76\x2d2b9b\x2d453e\x2da1cd\x2de0cbae1ae96d.device - VBOX_HARDDISK 2.
Jun 17 10:46:12 sarthak-swayam-VirtualBox systemd[1]: Reached target initrd-root-device.target - Initrd Root Device.
Jun 17 10:46:12 sarthak-swayam-VirtualBox systemd[1]: Finished dracut-initqueue.service - dracut initqueue hook.
Jun 17 10:46:12 sarthak-swayam-VirtualBox systemd[1]: Reached target remote-fs-pre.target - Preparation for Remote File Systems.
Jun 17 10:46:12 sarthak-swayam-VirtualBox systemd[1]: Reached target remote-fs.target - Remote File Systems.
Jun 17 10:46:12 sarthak-swayam-VirtualBox systemd[1]: dracut-pre-mount.service - dracut pre-mount hook skipped, no trigger condition checks were met.
Jun 17 10:46:12 sarthak-swayam-VirtualBox systemd[1]: Starting systemd-fsck-root.service - File System Check on /dev/disk/by-uuid/0ef9af76-2b9b-453e-a1cd-e0cbae1ae96d...
Jun 17 10:46:12 sarthak-swayam-VirtualBox systemd-fsck[409]: /dev/sda2: clean, 172156/3932160 files, 3031528/15727872 blocks
Jun 17 10:46:12 sarthak-swayam-VirtualBox systemd[1]: Finished systemd-fsck-root.service - File System Check on /dev/disk/by-uuid/0ef9af76-2b9b-453e-a1cd-e0cbae1ae96d.
Jun 17 10:46:12 sarthak-swayam-VirtualBox systemd[1]: Mounting sys-kernel-config.mount - Kernel Configuration File System...
Jun 17 10:46:12 sarthak-swayam-VirtualBox systemd[1]: Mounting sysroot.mount - /sysroot...
Jun 17 10:46:12 sarthak-swayam-VirtualBox systemd[1]: Mounted sys-kernel-config.mount - Kernel Configuration File System.
Jun 17 10:46:12 sarthak-swayam-VirtualBox kernel: EXT4-fs (sda2): orphan cleanup on readonly fs
Jun 17 10:46:12 sarthak-swayam-VirtualBox kernel: EXT4-fs (sda2): mounted filesystem 0ef9af76-2b9b-453e-a1cd-e0cbae1ae96d ro with ordered data mode. Quota mode: none.
Jun 17 10:46:12 sarthak-swayam-VirtualBox systemd[1]: Mounted sysroot.mount - /sysroot.
Jun 17 10:46:12 sarthak-swayam-VirtualBox systemd[1]: Reached target initrd-root-fs.target - Initrd Root File System.
Jun 17 10:46:12 sarthak-swayam-VirtualBox systemd[1]: Starting initrd-parse-etc.service - Mountpoints Configured in the Real Root...
Jun 17 10:46:12 sarthak-swayam-VirtualBox systemd[1]: initrd-parse-etc.service: Deactivated successfully.
Jun 17 10:46:12 sarthak-swayam-VirtualBox systemd[1]: Finished initrd-parse-etc.service - Mountpoints Configured in the Real Root.
Jun 17 10:46:12 sarthak-swayam-VirtualBox systemd[1]: initrd-parse-etc.service: Triggering OnSuccess= dependencies.
Jun 17 10:46:12 sarthak-swayam-VirtualBox systemd[1]: Reached target initrd-fs.target - Initrd File Systems.
Jun 17 10:46:12 sarthak-swayam-VirtualBox systemd[1]: Reached target initrd.target - Initrd Default Target.
Jun 17 10:46:12 sarthak-swayam-VirtualBox systemd[1]: dracut-mount.service - dracut mount hook skipped, no trigger condition checks were met.
Jun 17 10:46:12 sarthak-swayam-VirtualBox systemd[1]: dracut-pre-pivot.service - dracut pre-pivot and cleanup hook skipped, no trigger condition checks were met.
Jun 17 10:46:12 sarthak-swayam-VirtualBox systemd[1]: Starting initrd-cleanup.service - Cleaning Up and Shutting Down Daemons...
Jun 17 10:46:12 sarthak-swayam-VirtualBox systemd[1]: Stopped target initrd.target - Initrd Default Target.
Jun 17 10:46:12 sarthak-swayam-VirtualBox systemd[1]: Stopped target basic.target - Basic System.
Jun 17 10:46:12 sarthak-swayam-VirtualBox systemd[1]: Stopped target initrd-root-device.target - Initrd Root Device.
Jun 17 10:46:12 sarthak-swayam-VirtualBox systemd[1]: Stopped target initrd-usr-fs.target - Initrd /usr File System.
Jun 17 10:46:12 sarthak-swayam-VirtualBox systemd[1]: Stopped target paths.target - Path Units.
Jun 17 10:46:12 sarthak-swayam-VirtualBox systemd[1]: Stopped target remote-fs.target - Remote File Systems.
Jun 17 10:46:12 sarthak-swayam-VirtualBox systemd[1]: Stopped target remote-fs-pre.target - Preparation for Remote File Systems.
Jun 17 10:46:12 sarthak-swayam-VirtualBox systemd[1]: Stopped target slices.target - Slice Units.
Jun 17 10:46:12 sarthak-swayam-VirtualBox systemd[1]: Stopped target sockets.target - Socket Units.
Jun 17 10:46:12 sarthak-swayam-VirtualBox systemd[1]: Stopped target sysinit.target - System Initialization.
Jun 17 10:46:12 sarthak-swayam-VirtualBox systemd[1]: Stopped target swap.target - Swaps.
Jun 17 10:46:12 sarthak-swayam-VirtualBox systemd[1]: Stopped target timers.target - Timer Units.
Jun 17 10:46:12 sarthak-swayam-VirtualBox systemd[1]: dracut-initqueue.service: Deactivated successfully.
Jun 17 10:46:12 sarthak-swayam-VirtualBox systemd[1]: Stopped dracut-initqueue.service - dracut initqueue hook.
Jun 17 10:46:12 sarthak-swayam-VirtualBox systemd[1]: Starting plymouth-switch-root.service - Plymouth switch root service...
Jun 17 10:46:12 sarthak-swayam-VirtualBox systemd[1]: systemd-sysctl.service: Deactivated successfully.
Jun 17 10:46:12 sarthak-swayam-VirtualBox systemd[1]: Stopped systemd-sysctl.service - Apply Kernel Variables.
Jun 17 10:46:12 sarthak-swayam-VirtualBox systemd[1]: systemd-modules-load.service: Deactivated successfully.
Jun 17 10:46:12 sarthak-swayam-VirtualBox systemd[1]: Stopped systemd-modules-load.service - Load Kernel Modules.
Jun 17 10:46:12 sarthak-swayam-VirtualBox systemd[1]: systemd-tmpfiles-setup.service: Deactivated successfully.
Jun 17 10:46:12 sarthak-swayam-VirtualBox systemd[1]: Stopped systemd-tmpfiles-setup.service - Create System Files and Directories.
Jun 17 10:46:12 sarthak-swayam-VirtualBox systemd[1]: Stopped target local-fs.target - Local File Systems.
Jun 17 10:46:12 sarthak-swayam-VirtualBox systemd[1]: Stopped target local-fs-pre.target - Preparation for Local File Systems.
Jun 17 10:46:12 sarthak-swayam-VirtualBox systemd[1]: systemd-udev-trigger.service: Deactivated successfully.
Jun 17 10:46:12 sarthak-swayam-VirtualBox systemd[1]: Stopped systemd-udev-trigger.service - Coldplug All udev Devices.
Jun 17 10:46:12 sarthak-swayam-VirtualBox systemd[1]: Stopping systemd-udevd.service - Rule-based Manager for Device Events and Files...
Jun 17 10:46:12 sarthak-swayam-VirtualBox systemd[1]: initrd-cleanup.service: Deactivated successfully.
Jun 17 10:46:12 sarthak-swayam-VirtualBox systemd[1]: Finished initrd-cleanup.service - Cleaning Up and Shutting Down Daemons.
Jun 17 10:46:12 sarthak-swayam-VirtualBox systemd[1]: systemd-udevd.service: Deactivated successfully.
Jun 17 10:46:12 sarthak-swayam-VirtualBox systemd[1]: Stopped systemd-udevd.service - Rule-based Manager for Device Events and Files.
Jun 17 10:46:12 sarthak-swayam-VirtualBox systemd[1]: systemd-udevd-control.socket: Deactivated successfully.
Jun 17 10:46:12 sarthak-swayam-VirtualBox systemd[1]: Closed systemd-udevd-control.socket - udev Control Socket.
Jun 17 10:46:12 sarthak-swayam-VirtualBox systemd[1]: dracut-pre-udev.service: Deactivated successfully.
Jun 17 10:46:12 sarthak-swayam-VirtualBox systemd[1]: Stopped dracut-pre-udev.service - dracut pre-udev hook.
Jun 17 10:46:12 sarthak-swayam-VirtualBox systemd[1]: dracut-cmdline.service: Deactivated successfully.
Jun 17 10:46:12 sarthak-swayam-VirtualBox systemd[1]: Stopped dracut-cmdline.service - dracut cmdline hook.
Jun 17 10:46:12 sarthak-swayam-VirtualBox systemd[1]: dracut-cmdline-ask.service: Deactivated successfully.
Jun 17 10:46:12 sarthak-swayam-VirtualBox systemd[1]: Stopped dracut-cmdline-ask.service - dracut ask for additional cmdline parameters.
Jun 17 10:46:12 sarthak-swayam-VirtualBox systemd[1]: Starting initrd-udevadm-cleanup-db.service - Cleanup udev Database...
Jun 17 10:46:12 sarthak-swayam-VirtualBox systemd[1]: systemd-tmpfiles-setup-dev.service: Deactivated successfully.
Jun 17 10:46:12 sarthak-swayam-VirtualBox systemd[1]: Stopped systemd-tmpfiles-setup-dev.service - Create Static Device Nodes in /dev.
Jun 17 10:46:12 sarthak-swayam-VirtualBox systemd[1]: systemd-tmpfiles-setup-dev-early.service: Deactivated successfully.
Jun 17 10:46:12 sarthak-swayam-VirtualBox systemd[1]: Stopped systemd-tmpfiles-setup-dev-early.service - Create Static Device Nodes in /dev gracefully.
Jun 17 10:46:12 sarthak-swayam-VirtualBox systemd[1]: kmod-static-nodes.service: Deactivated successfully.
Jun 17 10:46:12 sarthak-swayam-VirtualBox systemd[1]: Stopped kmod-static-nodes.service - Create List of Static Device Nodes.
Jun 17 10:46:12 sarthak-swayam-VirtualBox systemd[1]: Finished plymouth-switch-root.service - Plymouth switch root service.
Jun 17 10:46:12 sarthak-swayam-VirtualBox systemd[1]: initrd-udevadm-cleanup-db.service: Deactivated successfully.
Jun 17 10:46:12 sarthak-swayam-VirtualBox systemd[1]: Finished initrd-udevadm-cleanup-db.service - Cleanup udev Database.
Jun 17 10:46:12 sarthak-swayam-VirtualBox systemd[1]: Reached target initrd-switch-root.target - Switch Root.
Jun 17 10:46:12 sarthak-swayam-VirtualBox systemd[1]: Starting initrd-switch-root.service - Switch Root...
Jun 17 10:46:12 sarthak-swayam-VirtualBox systemd[1]: Switching root.
Jun 17 10:46:13 sarthak-swayam-VirtualBox systemd-journald[187]: Journal stopped
Jun 17 10:46:14 sarthak-swayam-VirtualBox systemd-journald[187]: Received SIGTERM from PID 1 (systemd).
Jun 17 10:46:14 sarthak-swayam-VirtualBox systemd[1]: systemd 259.5-0ubuntu3 running in system mode (+PAM +AUDIT +SELINUX +APPARMOR +IMA +IPE +SMACK +SECCOMP +GCRYPT -GNUTLS +OPENSSL +ACL +BLKID +CURL +ELFUTILS +FIDO2 +IDN2 -IDN +KMOD +LIBCRYPTSETUP +LIBCRYPTSETUP_PLUGINS +LIBFDISK +PCRE2 +PWQUALITY +P11KIT +QRENCODE +TPM2 +BZIP2 +LZ4 +XZ +ZLIB +ZSTD +BPF_FRAMEWORK +BTF -XKBCOMMON -UTMP +SYSVINIT +LIBARCHIVE)
Jun 17 10:46:14 sarthak-swayam-VirtualBox systemd[1]: Detected virtualization oracle.
Jun 17 10:46:14 sarthak-swayam-VirtualBox systemd[1]: Detected architecture x86-64.
Jun 17 10:46:14 sarthak-swayam-VirtualBox systemd[1]: bpf-restrict-fs: BPF LSM hook not enabled in the kernel, BPF LSM not supported.
Jun 17 10:46:14 sarthak-swayam-VirtualBox systemd[1]: initrd-switch-root.service: Deactivated successfully.
Jun 17 10:46:14 sarthak-swayam-VirtualBox systemd[1]: Stopped initrd-switch-root.service - Switch Root.
Jun 17 10:46:14 sarthak-swayam-VirtualBox systemd[1]: systemd-journald.service: Scheduled restart job, restart counter is at 1.
Jun 17 10:46:14 sarthak-swayam-VirtualBox systemd[1]: Created slice system-cups.slice - CUPS Slice.
Jun 17 10:46:14 sarthak-swayam-VirtualBox systemd[1]: Created slice user.slice - User and Session Slice.
Jun 17 10:46:14 sarthak-swayam-VirtualBox systemd[1]: systemd-ask-password-console.path - Dispatch Password Requests to Console Directory Watch skipped, unmet condition check ConditionPathExists=!/run/plymouth/pid
Jun 17 10:46:14 sarthak-swayam-VirtualBox systemd[1]: Started systemd-ask-password-wall.path - Forward Password Requests to Wall Directory Watch.
Jun 17 10:46:14 sarthak-swayam-VirtualBox systemd[1]: Set up automount proc-sys-fs-binfmt_misc.automount - Arbitrary Executable File Formats File System Automount Point.
Jun 17 10:46:14 sarthak-swayam-VirtualBox systemd[1]: Reached target cryptsetup.target - Local Encrypted Volumes.
Jun 17 10:46:14 sarthak-swayam-VirtualBox systemd[1]: Reached target imports.target - Image Downloads.
Jun 17 10:46:14 sarthak-swayam-VirtualBox systemd[1]: Stopped target initrd-switch-root.target - Switch Root.
Jun 17 10:46:14 sarthak-swayam-VirtualBox systemd[1]: Stopped target initrd-fs.target - Initrd File Systems.
Jun 17 10:46:14 sarthak-swayam-VirtualBox systemd[1]: Stopped target initrd-root-fs.target - Initrd Root File System.
Jun 17 10:46:14 sarthak-swayam-VirtualBox systemd[1]: Reached target integritysetup.target - Local Integrity Protected Volumes.
Jun 17 10:46:14 sarthak-swayam-VirtualBox systemd[1]: Reached target remote-fs.target - Remote File Systems.
Jun 17 10:46:14 sarthak-swayam-VirtualBox systemd[1]: Reached target slices.target - Slice Units.
Jun 17 10:46:14 sarthak-swayam-VirtualBox systemd[1]: Reached target snapd.mounts-pre.target - Mounting snaps.
Jun 17 10:46:14 sarthak-swayam-VirtualBox systemd[1]: Reached target time-set.target - System Time Set.
Jun 17 10:46:14 sarthak-swayam-VirtualBox systemd[1]: Reached target veritysetup.target - Local Verity Protected Volumes.
Jun 17 10:46:14 sarthak-swayam-VirtualBox systemd[1]: Listening on syslog.socket - Syslog Socket.
Jun 17 10:46:14 sarthak-swayam-VirtualBox systemd[1]: Listening on systemd-ask-password.socket - Query the User Interactively for a Password.
Jun 17 10:46:14 sarthak-swayam-VirtualBox systemd[1]: Listening on systemd-creds.socket - Credential Encryption/Decryption.
Jun 17 10:46:14 sarthak-swayam-VirtualBox systemd[1]: Listening on systemd-factory-reset.socket - Factory Reset Management.
Jun 17 10:46:14 sarthak-swayam-VirtualBox systemd[1]: Listening on systemd-mute-console.socket - Console Output Muting Service Socket.
Jun 17 10:46:14 sarthak-swayam-VirtualBox systemd[1]: Listening on systemd-oomd.socket - Userspace Out-Of-Memory (OOM) Killer Socket.
Jun 17 10:46:14 sarthak-swayam-VirtualBox systemd[1]: systemd-pcrextend.socket - TPM PCR Measurements skipped, unmet condition check ConditionSecurity=measured-uki
Jun 17 10:46:14 sarthak-swayam-VirtualBox systemd[1]: systemd-pcrlock.socket - Make TPM PCR Policy skipped, unmet condition check ConditionSecurity=measured-uki
Jun 17 10:46:14 sarthak-swayam-VirtualBox systemd[1]: Listening on systemd-resolved-monitor.socket - Resolve Monitor Varlink Socket.
Jun 17 10:46:14 sarthak-swayam-VirtualBox systemd[1]: Listening on systemd-resolved-varlink.socket - Resolve Service Varlink Socket.
Jun 17 10:46:14 sarthak-swayam-VirtualBox systemd[1]: Listening on systemd-udevd-control.socket - udev Control Socket.
Jun 17 10:46:14 sarthak-swayam-VirtualBox systemd[1]: Listening on systemd-udevd-varlink.socket - udev Varlink Socket.
Jun 17 10:46:14 sarthak-swayam-VirtualBox systemd[1]: Mounting dev-hugepages.mount - Huge Pages File System...
Jun 17 10:46:14 sarthak-swayam-VirtualBox systemd[1]: Mounting dev-mqueue.mount - POSIX Message Queue File System...
Jun 17 10:46:14 sarthak-swayam-VirtualBox systemd[1]: Mounting sys-kernel-debug.mount - Kernel Debug File System...
Jun 17 10:46:14 sarthak-swayam-VirtualBox systemd[1]: Mounting sys-kernel-tracing.mount - Kernel Trace File System...
Jun 17 10:46:14 sarthak-swayam-VirtualBox systemd[1]: Starting systemd-journald.service - Journal Service...
Jun 17 10:46:14 sarthak-swayam-VirtualBox systemd[1]: Starting keyboard-setup.service - Set the console keyboard layout...
Jun 17 10:46:14 sarthak-swayam-VirtualBox systemd[1]: Starting kmod-static-nodes.service - Create List of Static Device Nodes...
Jun 17 10:46:14 sarthak-swayam-VirtualBox systemd[1]: modprobe@configfs.service - Load Kernel Module configfs skipped, unmet condition check ConditionKernelModuleLoaded=!configfs
Jun 17 10:46:14 sarthak-swayam-VirtualBox systemd[1]: modprobe@drm.service - Load Kernel Module drm skipped, unmet condition check ConditionKernelModuleLoaded=!drm
Jun 17 10:46:14 sarthak-swayam-VirtualBox systemd[1]: Starting modprobe@efi_pstore.service - Load Kernel Module efi_pstore...
Jun 17 10:46:14 sarthak-swayam-VirtualBox systemd[1]: modprobe@fuse.service - Load Kernel Module fuse skipped, unmet condition check ConditionKernelModuleLoaded=!fuse
Jun 17 10:46:14 sarthak-swayam-VirtualBox systemd[1]: Mounting sys-fs-fuse-connections.mount - FUSE Control File System...
Jun 17 10:46:14 sarthak-swayam-VirtualBox systemd[1]: plymouth-switch-root.service: Deactivated successfully.
Jun 17 10:46:14 sarthak-swayam-VirtualBox systemd[1]: Stopped plymouth-switch-root.service - Plymouth switch root service.
Jun 17 10:46:14 sarthak-swayam-VirtualBox systemd[1]: systemd-hibernate-clear.service - Clear Stale Hibernate Storage Info skipped, unmet condition check ConditionPathExists=/sys/firmware/efi/efivars/HibernateLocation-8cf2644b-4b0b-428f-9387-6d876050dc67
Jun 17 10:46:14 sarthak-swayam-VirtualBox systemd[1]: Starting systemd-modules-load.service - Load Kernel Modules...
Jun 17 10:46:14 sarthak-swayam-VirtualBox systemd[1]: systemd-pcrmachine.service - TPM PCR Machine ID Measurement skipped, unmet condition check ConditionSecurity=measured-uki
Jun 17 10:46:14 sarthak-swayam-VirtualBox systemd[1]: systemd-pcrproduct.service - TPM NvPCR Product ID Measurement skipped, unmet condition check ConditionSecurity=measured-uki
Jun 17 10:46:14 sarthak-swayam-VirtualBox systemd[1]: Starting systemd-remount-fs.service - Remount Root and Kernel File Systems...
Jun 17 10:46:14 sarthak-swayam-VirtualBox systemd[1]: systemd-tpm2-setup-early.service - Early TPM SRK Setup skipped, unmet condition check ConditionSecurity=measured-uki
Jun 17 10:46:14 sarthak-swayam-VirtualBox systemd[1]: Starting systemd-udev-load-credentials.service - Load udev Rules from Credentials...
Jun 17 10:46:14 sarthak-swayam-VirtualBox systemd[1]: Starting systemd-udev-trigger.service - Coldplug All udev Devices...
Jun 17 10:46:14 sarthak-swayam-VirtualBox systemd[1]: Mounted dev-hugepages.mount - Huge Pages File System.
Jun 17 10:46:14 sarthak-swayam-VirtualBox systemd[1]: Mounted dev-mqueue.mount - POSIX Message Queue File System.
Jun 17 10:46:14 sarthak-swayam-VirtualBox systemd[1]: Finished kmod-static-nodes.service - Create List of Static Device Nodes.
Jun 17 10:46:14 sarthak-swayam-VirtualBox systemd[1]: modprobe@efi_pstore.service: Deactivated successfully.
Jun 17 10:46:14 sarthak-swayam-VirtualBox systemd[1]: Finished modprobe@efi_pstore.service - Load Kernel Module efi_pstore.
Jun 17 10:46:14 sarthak-swayam-VirtualBox systemd[1]: Mounted sys-fs-fuse-connections.mount - FUSE Control File System.
Jun 17 10:46:14 sarthak-swayam-VirtualBox systemd[1]: Starting systemd-tmpfiles-setup-dev-early.service - Create Static Device Nodes in /dev gracefully...
Jun 17 10:46:14 sarthak-swayam-VirtualBox systemd[1]: Mounted sys-kernel-debug.mount - Kernel Debug File System.
Jun 17 10:46:14 sarthak-swayam-VirtualBox systemd[1]: Mounted sys-kernel-tracing.mount - Kernel Trace File System.
Jun 17 10:46:14 sarthak-swayam-VirtualBox systemd[1]: Finished keyboard-setup.service - Set the console keyboard layout.
Jun 17 10:46:14 sarthak-swayam-VirtualBox systemd-journald[630]: Collecting audit messages is disabled.
Jun 17 10:46:14 sarthak-swayam-VirtualBox systemd-journald[630]: Journal started
Jun 17 10:46:14 sarthak-swayam-VirtualBox systemd-journald[630]: Runtime Journal (/run/log/journal/71b893d1160d44878d1e60a8ce519059) is 8M, max 108.1M, 100.1M free.
Jun 17 10:46:14 sarthak-swayam-VirtualBox systemd[1]: Queued start job for default target graphical.target.
Jun 17 10:46:14 sarthak-swayam-VirtualBox systemd[1]: systemd-journald.service: Deactivated successfully.
Jun 17 10:46:14 sarthak-swayam-VirtualBox systemd-modules-load[636]: Using 4 probe threads
Jun 17 10:46:14 sarthak-swayam-VirtualBox systemd[1]: Started systemd-journald.service - Journal Service.
Jun 17 10:46:14 sarthak-swayam-VirtualBox systemd-modules-load[636]: Module 'i2c_dev' is built in
Jun 17 10:46:14 sarthak-swayam-VirtualBox systemd[1]: Finished systemd-modules-load.service - Load Kernel Modules.
Jun 17 10:46:14 sarthak-swayam-VirtualBox systemd[1]: Finished systemd-udev-load-credentials.service - Load udev Rules from Credentials.
Jun 17 10:46:14 sarthak-swayam-VirtualBox kernel: EXT4-fs (sda2): re-mounted 0ef9af76-2b9b-453e-a1cd-e0cbae1ae96d r/w.
Jun 17 10:46:14 sarthak-swayam-VirtualBox systemd[1]: Starting systemd-sysctl.service - Apply Kernel Variables...
Jun 17 10:46:14 sarthak-swayam-VirtualBox systemd[1]: Finished systemd-remount-fs.service - Remount Root and Kernel File Systems.
Jun 17 10:46:14 sarthak-swayam-VirtualBox systemd[1]: Activating swap swap.img.swap - /swap.img...
Jun 17 10:46:14 sarthak-swayam-VirtualBox systemd[1]: systemd-hwdb-update.service - Rebuild Hardware Database skipped, unmet condition check ConditionNeedsUpdate=/etc
Jun 17 10:46:14 sarthak-swayam-VirtualBox systemd[1]: Starting systemd-journal-flush.service - Flush Journal to Persistent Storage...
Jun 17 10:46:14 sarthak-swayam-VirtualBox systemd[1]: systemd-pstore.service - Platform Persistent Storage Archival skipped, unmet condition check ConditionDirectoryNotEmpty=/sys/fs/pstore
Jun 17 10:46:14 sarthak-swayam-VirtualBox systemd[1]: Starting systemd-random-seed.service - Load/Save OS Random Seed...
Jun 17 10:46:14 sarthak-swayam-VirtualBox systemd[1]: systemd-tpm2-setup.service - TPM SRK Setup skipped, unmet condition check ConditionSecurity=measured-uki
Jun 17 10:46:14 sarthak-swayam-VirtualBox systemd[1]: systemd-pcrnvdone.service - TPM PCR NvPCR Initialization Separator skipped, unmet condition check ConditionSecurity=measured-uki
Jun 17 10:46:14 sarthak-swayam-VirtualBox systemd-journald[630]: Time spent on flushing to /var/log/journal/71b893d1160d44878d1e60a8ce519059 is 12.945ms for 752 entries.
Jun 17 10:46:14 sarthak-swayam-VirtualBox systemd-journald[630]: System Journal (/var/log/journal/71b893d1160d44878d1e60a8ce519059) is 22.6M, max 4G, 3.9G free.
Jun 17 10:46:14 sarthak-swayam-VirtualBox systemd[1]: Activated swap swap.img.swap - /swap.img.
Jun 17 10:46:14 sarthak-swayam-VirtualBox systemd-journald[630]: Received client request to flush runtime journal.
Jun 17 10:46:14 sarthak-swayam-VirtualBox systemd[1]: Reached target swap.target - Swaps.
Jun 17 10:46:14 sarthak-swayam-VirtualBox kernel: Adding 4194300k swap on /swap.img.  Priority:-1 extents:3 across:5332988k 
Jun 17 10:46:14 sarthak-swayam-VirtualBox systemd[1]: Finished systemd-sysctl.service - Apply Kernel Variables.
Jun 17 10:46:14 sarthak-swayam-VirtualBox systemd[1]: Finished systemd-random-seed.service - Load/Save OS Random Seed.
Jun 17 10:46:14 sarthak-swayam-VirtualBox systemd[1]: Finished systemd-tmpfiles-setup-dev-early.service - Create Static Device Nodes in /dev gracefully.
Jun 17 10:46:14 sarthak-swayam-VirtualBox systemd[1]: systemd-sysusers.service - Create System Users skipped, no trigger condition checks were met.
Jun 17 10:46:14 sarthak-swayam-VirtualBox systemd[1]: Starting systemd-oomd.service - Userspace Out-Of-Memory (OOM) Killer...
Jun 17 10:46:14 sarthak-swayam-VirtualBox systemd[1]: Starting systemd-resolved.service - Network Name Resolution...
Jun 17 10:46:14 sarthak-swayam-VirtualBox systemd[1]: Starting systemd-tmpfiles-setup-dev.service - Create Static Device Nodes in /dev...
Jun 17 10:46:14 sarthak-swayam-VirtualBox systemd[1]: Finished systemd-tmpfiles-setup-dev.service - Create Static Device Nodes in /dev.
Jun 17 10:46:14 sarthak-swayam-VirtualBox systemd[1]: Reached target local-fs-pre.target - Preparation for Local File Systems.
Jun 17 10:46:14 sarthak-swayam-VirtualBox systemd[1]: Starting systemd-udevd.service - Rule-based Manager for Device Events and Files...
Jun 17 10:46:14 sarthak-swayam-VirtualBox systemd[1]: Finished systemd-udev-trigger.service - Coldplug All udev Devices.
Jun 17 10:46:14 sarthak-swayam-VirtualBox systemd[1]: Finished systemd-journal-flush.service - Flush Journal to Persistent Storage.
Jun 17 10:46:14 sarthak-swayam-VirtualBox systemd-udevd[677]: Using default interface naming scheme 'v259'.
Jun 17 10:46:14 sarthak-swayam-VirtualBox systemd[1]: Started systemd-oomd.service - Userspace Out-Of-Memory (OOM) Killer.
Jun 17 10:46:14 sarthak-swayam-VirtualBox systemd-resolved[673]: Positive Trust Anchors:
Jun 17 10:46:14 sarthak-swayam-VirtualBox systemd-resolved[673]: . IN DS 20326 8 2 e06d44b80b8f1d39a95c0b0d7c65d08458e880409bbc683457104237c7f8ec8d
Jun 17 10:46:14 sarthak-swayam-VirtualBox systemd-resolved[673]: . IN DS 38696 8 2 683d2d0acb8c9b712a1948b27f741219298d0a450d612c483af444a4c0fb2b16
Jun 17 10:46:14 sarthak-swayam-VirtualBox systemd-resolved[673]: Negative trust anchors: home.arpa 10.in-addr.arpa 16.172.in-addr.arpa 17.172.in-addr.arpa 18.172.in-addr.arpa 19.172.in-addr.arpa 20.172.in-addr.arpa 21.172.in-addr.arpa 22.172.in-addr.arpa 23.172.in-addr.arpa 24.172.in-addr.arpa 25.172.in-addr.arpa 26.172.in-addr.arpa 27.172.in-addr.arpa 28.172.in-addr.arpa 29.172.in-addr.arpa 30.172.in-addr.arpa 31.172.in-addr.arpa 170.0.0.192.in-addr.arpa 171.0.0.192.in-addr.arpa 168.192.in-addr.arpa d.f.ip6.arpa ipv4only.arpa resolver.arpa corp home internal intranet lan local private test
Jun 17 10:46:14 sarthak-swayam-VirtualBox systemd-resolved[673]: Using system hostname 'sarthak-swayam-VirtualBox'.
Jun 17 10:46:14 sarthak-swayam-VirtualBox systemd[1]: Started systemd-resolved.service - Network Name Resolution.
Jun 17 10:46:14 sarthak-swayam-VirtualBox systemd[1]: Reached target nss-lookup.target - Host and Network Name Lookups.
Jun 17 10:46:14 sarthak-swayam-VirtualBox systemd[1]: Started systemd-udevd.service - Rule-based Manager for Device Events and Files.
Jun 17 10:46:14 sarthak-swayam-VirtualBox systemd[1]: modprobe@configfs.service - Load Kernel Module configfs skipped, unmet condition check ConditionKernelModuleLoaded=!configfs
Jun 17 10:46:14 sarthak-swayam-VirtualBox systemd[1]: modprobe@fuse.service - Load Kernel Module fuse skipped, unmet condition check ConditionKernelModuleLoaded=!fuse
Jun 17 10:46:14 sarthak-swayam-VirtualBox mtp-probe[712]: checking bus 1, device 2: "/sys/devices/pci0000:00/0000:00:06.0/usb1/1-1"
Jun 17 10:46:14 sarthak-swayam-VirtualBox mtp-probe[712]: bus: 1, device: 2 was not an MTP device
Jun 17 10:46:14 sarthak-swayam-VirtualBox kernel: vboxguest: host-version: 7.2.8r173730 0x8000000f
Jun 17 10:46:14 sarthak-swayam-VirtualBox kernel: vbg_heartbeat_init: Setting up heartbeat to trigger every 2000 milliseconds
Jun 17 10:46:14 sarthak-swayam-VirtualBox kernel: e1000: Intel(R) PRO/1000 Network Driver
Jun 17 10:46:14 sarthak-swayam-VirtualBox kernel: e1000: Copyright (c) 1999-2006 Intel Corporation.
Jun 17 10:46:14 sarthak-swayam-VirtualBox kernel: piix4_smbus 0000:00:07.0: SMBus Host Controller at 0x4100, revision 0
Jun 17 10:46:14 sarthak-swayam-VirtualBox kernel: input: VirtualBox mouse integration as /devices/pci0000:00/0000:00:04.0/input/input7
Jun 17 10:46:14 sarthak-swayam-VirtualBox kernel: vmwgfx 0000:00:02.0: vgaarb: deactivate vga console
Jun 17 10:46:14 sarthak-swayam-VirtualBox kernel: Console: switching to colour dummy device 80x25
Jun 17 10:46:14 sarthak-swayam-VirtualBox kernel: vmwgfx 0000:00:02.0: [drm] FIFO at 0x00000000f0000000 size is 2048 KiB
Jun 17 10:46:14 sarthak-swayam-VirtualBox kernel: vmwgfx 0000:00:02.0: [drm] VRAM at 0x00000000e0000000 size is 16384 KiB
Jun 17 10:46:14 sarthak-swayam-VirtualBox kernel: vmwgfx 0000:00:02.0: [drm] Running on SVGA version 2.
Jun 17 10:46:14 sarthak-swayam-VirtualBox kernel: vmwgfx 0000:00:02.0: [drm] Capabilities: rect copy, cursor, cursor bypass, cursor bypass 2, alpha cursor, extended fifo, pitchlock, irq mask, gmr, traces, gmr2, screen object 2, command buffers, command buffers 2, gbobject, cap2 register, 
Jun 17 10:46:14 sarthak-swayam-VirtualBox kernel: vmwgfx 0000:00:02.0: [drm] Capabilities2: cursor mob, 
Jun 17 10:46:14 sarthak-swayam-VirtualBox kernel: vmwgfx 0000:00:02.0: [drm] *ERROR* vmwgfx seems to be running on an unsupported hypervisor.
Jun 17 10:46:14 sarthak-swayam-VirtualBox kernel: vmwgfx 0000:00:02.0: [drm] *ERROR* This configuration is likely broken.
Jun 17 10:46:14 sarthak-swayam-VirtualBox kernel: vmwgfx 0000:00:02.0: [drm] *ERROR* Please switch to a supported graphics device to avoid problems.
Jun 17 10:46:14 sarthak-swayam-VirtualBox kernel: vmwgfx 0000:00:02.0: [drm] DMA map mode: Caching DMA mappings.
Jun 17 10:46:14 sarthak-swayam-VirtualBox kernel: vmwgfx 0000:00:02.0: [drm] Legacy memory limits: VRAM = 16384 KiB, FIFO = 2048 KiB, surface = 507904 KiB
Jun 17 10:46:14 sarthak-swayam-VirtualBox kernel: vmwgfx 0000:00:02.0: [drm] MOB limits: max mob size = 131072 KiB, max mob pages = 4096
Jun 17 10:46:14 sarthak-swayam-VirtualBox kernel: vmwgfx 0000:00:02.0: [drm] Max GMR ids is 8192
Jun 17 10:46:14 sarthak-swayam-VirtualBox kernel: vmwgfx 0000:00:02.0: [drm] Max number of GMR pages is 1048576
Jun 17 10:46:14 sarthak-swayam-VirtualBox kernel: vmwgfx 0000:00:02.0: [drm] Maximum display memory size is 16384 KiB
Jun 17 10:46:14 sarthak-swayam-VirtualBox kernel: vmwgfx 0000:00:02.0: [drm] Screen Target display unit initialized
Jun 17 10:46:14 sarthak-swayam-VirtualBox kernel: vmwgfx 0000:00:02.0: [drm] Fifo max 0x00200000 min 0x00001000 cap 0x00000355
Jun 17 10:46:14 sarthak-swayam-VirtualBox kernel: vmwgfx 0000:00:02.0: [drm] Using command buffers with DMA pool.
Jun 17 10:46:14 sarthak-swayam-VirtualBox kernel: vmwgfx 0000:00:02.0: [drm] Available shader model: Legacy.
Jun 17 10:46:14 sarthak-swayam-VirtualBox kernel: [drm] Initialized vmwgfx 2.21.0 for 0000:00:02.0 on minor 0
Jun 17 10:46:14 sarthak-swayam-VirtualBox kernel: fbcon: vmwgfxdrmfb (fb0) is primary device
Jun 17 10:46:14 sarthak-swayam-VirtualBox kernel: Console: switching to colour frame buffer device 160x50
Jun 17 10:46:14 sarthak-swayam-VirtualBox kernel: vmwgfx 0000:00:02.0: [drm] fb0: vmwgfxdrmfb frame buffer device
Jun 17 10:46:14 sarthak-swayam-VirtualBox systemd[1]: Condition check resulted in sys-devices-virtual-misc-rfkill.device - /sys/devices/virtual/misc/rfkill being skipped.
Jun 17 10:46:14 sarthak-swayam-VirtualBox systemd[1]: Listening on systemd-rfkill.socket - Load/Save RF Kill Switch Status /dev/rfkill Watch.
Jun 17 10:46:15 sarthak-swayam-VirtualBox systemd[1]: Mounting snap-bare-5.mount - Mount unit for bare, revision 5...
Jun 17 10:46:15 sarthak-swayam-VirtualBox systemd[1]: Mounting snap-core24-1587.mount - Mount unit for core24, revision 1587...
Jun 17 10:46:15 sarthak-swayam-VirtualBox systemd[1]: Mounting snap-core24-1643.mount - Mount unit for core24, revision 1643...
Jun 17 10:46:15 sarthak-swayam-VirtualBox systemd[1]: Mounting snap-desktop\x2dsecurity\x2dcenter-150.mount - Mount unit for desktop-security-center, revision 150...
Jun 17 10:46:15 sarthak-swayam-VirtualBox kernel: loop0: detected capacity change from 0 to 136904
Jun 17 10:46:15 sarthak-swayam-VirtualBox kernel: loop1: detected capacity change from 0 to 8
Jun 17 10:46:15 sarthak-swayam-VirtualBox systemd[1]: Mounting snap-desktop\x2dsecurity\x2dcenter-151.mount - Mount unit for desktop-security-center, revision 151...
Jun 17 10:46:15 sarthak-swayam-VirtualBox systemd[1]: Mounting snap-firefox-8107.mount - Mount unit for firefox, revision 8107...
Jun 17 10:46:15 sarthak-swayam-VirtualBox systemd[1]: Mounting snap-firmware\x2dupdater-226.mount - Mount unit for firmware-updater, revision 226...
Jun 17 10:46:15 sarthak-swayam-VirtualBox kernel: loop2: detected capacity change from 0 to 136816
Jun 17 10:46:15 sarthak-swayam-VirtualBox kernel: loop3: detected capacity change from 0 to 40880
Jun 17 10:46:15 sarthak-swayam-VirtualBox kernel: loop4: detected capacity change from 0 to 40240
Jun 17 10:46:15 sarthak-swayam-VirtualBox kernel: RAPL PMU: API unit is 2^-32 Joules, 0 fixed counters, 10737418240 ms ovfl timer
Jun 17 10:46:15 sarthak-swayam-VirtualBox systemd[1]: Mounting snap-gnome\x2d46\x2d2404-153.mount - Mount unit for gnome-46-2404, revision 153...
Jun 17 10:46:15 sarthak-swayam-VirtualBox kernel: loop5: detected capacity change from 0 to 33792
Jun 17 10:46:15 sarthak-swayam-VirtualBox systemd[1]: Mounting snap-gtk\x2dcommon\x2dthemes-1535.mount - Mount unit for gtk-common-themes, revision 1535...
Jun 17 10:46:15 sarthak-swayam-VirtualBox systemd[1]: Mounting snap-mesa\x2d2404-1165.mount - Mount unit for mesa-2404, revision 1165...
Jun 17 10:46:15 sarthak-swayam-VirtualBox kernel: loop6: detected capacity change from 0 to 560536
Jun 17 10:46:15 sarthak-swayam-VirtualBox systemd[1]: Mounting snap-prompting\x2dclient-204.mount - Mount unit for prompting-client, revision 204...
Jun 17 10:46:15 sarthak-swayam-VirtualBox systemd[1]: Mounting snap-prompting\x2dclient-222.mount - Mount unit for prompting-client, revision 222...
Jun 17 10:46:15 sarthak-swayam-VirtualBox systemd[1]: Mounting snap-snap\x2dstore-1367.mount - Mount unit for snap-store, revision 1367...
Jun 17 10:46:15 sarthak-swayam-VirtualBox kernel: loop7: detected capacity change from 0 to 1241248
Jun 17 10:46:15 sarthak-swayam-VirtualBox systemd[1]: Mounting snap-snapd-26865.mount - Mount unit for snapd, revision 26865...
Jun 17 10:46:15 sarthak-swayam-VirtualBox systemd[1]: Mounting snap-snapd\x2ddesktop\x2dintegration-361.mount - Mount unit for snapd-desktop-integration, revision 361...
Jun 17 10:46:15 sarthak-swayam-VirtualBox kernel: loop9: detected capacity change from 0 to 808920
Jun 17 10:46:15 sarthak-swayam-VirtualBox kernel: loop8: detected capacity change from 0 to 187776
Jun 17 10:46:15 sarthak-swayam-VirtualBox systemd[1]: Mounting tmp.mount - Temporary Directory /tmp...
Jun 17 10:46:15 sarthak-swayam-VirtualBox systemd[1]: Mounted snap-bare-5.mount - Mount unit for bare, revision 5.
Jun 17 10:46:15 sarthak-swayam-VirtualBox systemd[1]: Mounted snap-core24-1587.mount - Mount unit for core24, revision 1587.
Jun 17 10:46:15 sarthak-swayam-VirtualBox systemd[1]: Mounted snap-core24-1643.mount - Mount unit for core24, revision 1643.
Jun 17 10:46:15 sarthak-swayam-VirtualBox systemd[1]: Mounted snap-desktop\x2dsecurity\x2dcenter-150.mount - Mount unit for desktop-security-center, revision 150.
Jun 17 10:46:15 sarthak-swayam-VirtualBox systemd[1]: Mounted snap-desktop\x2dsecurity\x2dcenter-151.mount - Mount unit for desktop-security-center, revision 151.
Jun 17 10:46:15 sarthak-swayam-VirtualBox systemd[1]: Mounted snap-firefox-8107.mount - Mount unit for firefox, revision 8107.
Jun 17 10:46:15 sarthak-swayam-VirtualBox systemd[1]: Mounted snap-firmware\x2dupdater-226.mount - Mount unit for firmware-updater, revision 226.
Jun 17 10:46:15 sarthak-swayam-VirtualBox systemd[1]: Mounted snap-gnome\x2d46\x2d2404-153.mount - Mount unit for gnome-46-2404, revision 153.
Jun 17 10:46:15 sarthak-swayam-VirtualBox systemd[1]: Mounted snap-gtk\x2dcommon\x2dthemes-1535.mount - Mount unit for gtk-common-themes, revision 1535.
Jun 17 10:46:15 sarthak-swayam-VirtualBox systemd[1]: Mounted snap-mesa\x2d2404-1165.mount - Mount unit for mesa-2404, revision 1165.
